Archive member included to satisfy reference by file (symbol)

D:/msys64/mingw64/bin/../lib/gcc/x86_64-w64-mingw32/11.2.0/libstdc++.dll.a(d005463.o)
                              C:\Users\hp\AppData\Local\Temp\ccby2wma.o (std::basic_ostream<char, std::char_traits<char> >& std::endl<char, std::char_traits<char> >(std::basic_ostream<char, std::char_traits<char> >&))
D:/msys64/mingw64/bin/../lib/gcc/x86_64-w64-mingw32/11.2.0/libstdc++.dll.a(d005462.o)
                              C:\Users\hp\AppData\Local\Temp\ccby2wma.o (std::cout)
D:/msys64/mingw64/bin/../lib/gcc/x86_64-w64-mingw32/11.2.0/libstdc++.dll.a(d005165.o)
                              C:\Users\hp\AppData\Local\Temp\ccby2wma.o (std::ios_base::Init::~Init())
D:/msys64/mingw64/bin/../lib/gcc/x86_64-w64-mingw32/11.2.0/libstdc++.dll.a(d005163.o)
                              C:\Users\hp\AppData\Local\Temp\ccby2wma.o (std::ios_base::Init::Init())
D:/msys64/mingw64/bin/../lib/gcc/x86_64-w64-mingw32/11.2.0/libstdc++.dll.a(d001910.o)
                              C:\Users\hp\AppData\Local\Temp\ccby2wma.o (std::ostream::operator<<(unsigned short))
D:/msys64/mingw64/bin/../lib/gcc/x86_64-w64-mingw32/11.2.0/libstdc++.dll.a(d001896.o)
                              C:\Users\hp\AppData\Local\Temp\ccby2wma.o (std::ostream::operator<<(std::ostream& (*)(std::ostream&)))
D:/msys64/mingw64/bin/../lib/gcc/x86_64-w64-mingw32/11.2.0/libstdc++.dll.a(d000000.o)
                              D:/msys64/mingw64/bin/../lib/gcc/x86_64-w64-mingw32/11.2.0/libstdc++.dll.a(d005463.o) (_head_libstdc___6_dll)
D:/msys64/mingw64/bin/../lib/gcc/x86_64-w64-mingw32/11.2.0/libstdc++.dll.a(d006697.o)
                              D:/msys64/mingw64/bin/../lib/gcc/x86_64-w64-mingw32/11.2.0/libstdc++.dll.a(d000000.o) (libstdc___6_dll_iname)
D:/msys64/mingw64/bin/../lib/gcc/x86_64-w64-mingw32/11.2.0/../../../../x86_64-w64-mingw32/lib/../lib/libmingw32.a(lib64_libmingw32_a-gccmain.o)
                              D:/msys64/mingw64/bin/../lib/gcc/x86_64-w64-mingw32/11.2.0/../../../../x86_64-w64-mingw32/lib/../lib/crt2.o (__main)
D:/msys64/mingw64/bin/../lib/gcc/x86_64-w64-mingw32/11.2.0/../../../../x86_64-w64-mingw32/lib/../lib/libmingw32.a(lib64_libmingw32_a-natstart.o)
                              D:/msys64/mingw64/bin/../lib/gcc/x86_64-w64-mingw32/11.2.0/../../../../x86_64-w64-mingw32/lib/../lib/crt2.o (__native_startup_lock)
D:/msys64/mingw64/bin/../lib/gcc/x86_64-w64-mingw32/11.2.0/../../../../x86_64-w64-mingw32/lib/../lib/libmingw32.a(lib64_libmingw32_a-wildcard.o)
                              D:/msys64/mingw64/bin/../lib/gcc/x86_64-w64-mingw32/11.2.0/../../../../x86_64-w64-mingw32/lib/../lib/crt2.o (_dowildcard)
D:/msys64/mingw64/bin/../lib/gcc/x86_64-w64-mingw32/11.2.0/../../../../x86_64-w64-mingw32/lib/../lib/libmingw32.a(lib64_libmingw32_a-dllargv.o)
                              D:/msys64/mingw64/bin/../lib/gcc/x86_64-w64-mingw32/11.2.0/../../../../x86_64-w64-mingw32/lib/../lib/crt2.o (_setargv)
D:/msys64/mingw64/bin/../lib/gcc/x86_64-w64-mingw32/11.2.0/../../../../x86_64-w64-mingw32/lib/../lib/libmingw32.a(lib64_libmingw32_a-_newmode.o)
                              D:/msys64/mingw64/bin/../lib/gcc/x86_64-w64-mingw32/11.2.0/../../../../x86_64-w64-mingw32/lib/../lib/crt2.o (_newmode)
D:/msys64/mingw64/bin/../lib/gcc/x86_64-w64-mingw32/11.2.0/../../../../x86_64-w64-mingw32/lib/../lib/libmingw32.a(lib64_libmingw32_a-tlssup.o)
                              D:/msys64/mingw64/bin/../lib/gcc/x86_64-w64-mingw32/11.2.0/../../../../x86_64-w64-mingw32/lib/../lib/crt2.o (__mingw_initltssuo_force)
D:/msys64/mingw64/bin/../lib/gcc/x86_64-w64-mingw32/11.2.0/../../../../x86_64-w64-mingw32/lib/../lib/libmingw32.a(lib64_libmingw32_a-xncommod.o)
                              D:/msys64/mingw64/bin/../lib/gcc/x86_64-w64-mingw32/11.2.0/../../../../x86_64-w64-mingw32/lib/../lib/crt2.o (_commode)
D:/msys64/mingw64/bin/../lib/gcc/x86_64-w64-mingw32/11.2.0/../../../../x86_64-w64-mingw32/lib/../lib/libmingw32.a(lib64_libmingw32_a-cinitexe.o)
                              D:/msys64/mingw64/bin/../lib/gcc/x86_64-w64-mingw32/11.2.0/../../../../x86_64-w64-mingw32/lib/../lib/crt2.o (__xc_z)
D:/msys64/mingw64/bin/../lib/gcc/x86_64-w64-mingw32/11.2.0/../../../../x86_64-w64-mingw32/lib/../lib/libmingw32.a(lib64_libmingw32_a-merr.o)
                              D:/msys64/mingw64/bin/../lib/gcc/x86_64-w64-mingw32/11.2.0/../../../../x86_64-w64-mingw32/lib/../lib/crt2.o (_matherr)
D:/msys64/mingw64/bin/../lib/gcc/x86_64-w64-mingw32/11.2.0/../../../../x86_64-w64-mingw32/lib/../lib/libmingw32.a(lib64_libmingw32_a-CRT_fp10.o)
                              D:/msys64/mingw64/bin/../lib/gcc/x86_64-w64-mingw32/11.2.0/../../../../x86_64-w64-mingw32/lib/../lib/crt2.o (_fpreset)
D:/msys64/mingw64/bin/../lib/gcc/x86_64-w64-mingw32/11.2.0/../../../../x86_64-w64-mingw32/lib/../lib/libmingw32.a(lib64_libmingw32_a-mingw_helpers.o)
[...]
Memory Configuration

Name             Origin             Length             Attributes
*default*        0x0000000000000000 0xffffffffffffffff

Linker script and memory map

                0x0000000140000000                __image_base__ = 0x140000000
                0x0000000000000000                __dll__ = 0x0
                0x0000000140000000                __ImageBase = 0x140000000
                0x0000000000001000                __section_alignment__ = 0x1000
                0x0000000000000200                __file_alignment__ = 0x200
                0x0000000000000004                __major_os_version__ = 0x4
                0x0000000000000000                __minor_os_version__ = 0x0
                0x0000000000000000                __major_image_version__ = 0x0
                0x0000000000000000                __minor_image_version__ = 0x0
                0x0000000000000005                __major_subsystem_version__ = 0x5
                0x0000000000000002                __minor_subsystem_version__ = 0x2
                0x0000000000000003                __subsystem__ = 0x3
                0x0000000000200000                __size_of_stack_reserve__ = 0x200000
                0x0000000000001000                __size_of_stack_commit__ = 0x1000
                0x0000000000100000                __size_of_heap_reserve__ = 0x100000
                0x0000000000001000                __size_of_heap_commit__ = 0x1000
                0x0000000000000000                __loader_flags__ = 0x0
                0x0000000000000160                __dll_characteristics__ = 0x160
LOAD D:/msys64/mingw64/bin/../lib/gcc/x86_64-w64-mingw32/11.2.0/../../../../x86_64-w64-mingw32/lib/../lib/crt2.o
LOAD D:/msys64/mingw64/bin/../lib/gcc/x86_64-w64-mingw32/11.2.0/crtbegin.o
LOAD C:\Users\hp\AppData\Local\Temp\ccby2wma.o
LOAD D:/msys64/mingw64/bin/../lib/gcc/x86_64-w64-mingw32/11.2.0/libstdc++.dll.a
LOAD D:/msys64/mingw64/bin/../lib/gcc/x86_64-w64-mingw32/11.2.0/../../../../x86_64-w64-mingw32/lib/../lib/libmingw32.a
LOAD D:/msys64/mingw64/bin/../lib/gcc/x86_64-w64-mingw32/11.2.0/libgcc_s.a
LOAD D:/msys64/mingw64/bin/../lib/gcc/x86_64-w64-mingw32/11.2.0/libgcc.a
LOAD D:/msys64/mingw64/bin/../lib/gcc/x86_64-w64-mingw32/11.2.0/../../../../x86_64-w64-mingw32/lib/../lib/libmoldname.a
LOAD D:/msys64/mingw64/bin/../lib/gcc/x86_64-w64-mingw32/11.2.0/../../../../x86_64-w64-mingw32/lib/../lib/libmingwex.a
LOAD D:/msys64/mingw64/bin/../lib/gcc/x86_64-w64-mingw32/11.2.0/../../../../x86_64-w64-mingw32/lib/../lib/libmsvcrt.a
LOAD D:/msys64/mingw64/bin/../lib/gcc/x86_64-w64-mingw32/11.2.0/../../../../x86_64-w64-mingw32/lib/../lib/libkernel32.a
LOAD D:/msys64/mingw64/bin/../lib/gcc/x86_64-w64-mingw32/11.2.0/../../../../x86_64-w64-mingw32/lib/../lib/libpthread.dll.a
LOAD D:/msys64/mingw64/bin/../lib/gcc/x86_64-w64-mingw32/11.2.0/../../../../x86_64-w64-mingw32/lib/../lib/libadvapi32.a
LOAD D:/msys64/mingw64/bin/../lib/gcc/x86_64-w64-mingw32/11.2.0/../../../../x86_64-w64-mingw32/lib/../lib/libshell32.a
LOAD D:/msys64/mingw64/bin/../lib/gcc/x86_64-w64-mingw32/11.2.0/../../../../x86_64-w64-mingw32/lib/../lib/libuser32.a
LOAD D:/msys64/mingw64/bin/../lib/gcc/x86_64-w64-mingw32/11.2.0/../../../../x86_64-w64-mingw32/lib/../lib/libkernel32.a
LOAD D:/msys64/mingw64/bin/../lib/gcc/x86_64-w64-mingw32/11.2.0/../../../../x86_64-w64-mingw32/lib/../lib/libmingw32.a
LOAD D:/msys64/mingw64/bin/../lib/gcc/x86_64-w64-mingw32/11.2.0/libgcc_s.a
LOAD D:/msys64/mingw64/bin/../lib/gcc/x86_64-w64-mingw32/11.2.0/libgcc.a
LOAD D:/msys64/mingw64/bin/../lib/gcc/x86_64-w64-mingw32/11.2.0/../../../../x86_64-w64-mingw32/lib/../lib/libmoldname.a
LOAD D:/msys64/mingw64/bin/../lib/gcc/x86_64-w64-mingw32/11.2.0/../../../../x86_64-w64-mingw32/lib/../lib/libmingwex.a
LOAD D:/msys64/mingw64/bin/../lib/gcc/x86_64-w64-mingw32/11.2.0/../../../../x86_64-w64-mingw32/lib/../lib/libmsvcrt.a
LOAD D:/msys64/mingw64/bin/../lib/gcc/x86_64-w64-mingw32/11.2.0/../../../../x86_64-w64-mingw32/lib/../lib/libkernel32.a
LOAD D:/msys64/mingw64/bin/../lib/gcc/x86_64-w64-mingw32/11.2.0/../../../../x86_64-w64-mingw32/lib/../lib/default-manifest.o
LOAD D:/msys64/mingw64/bin/../lib/gcc/x86_64-w64-mingw32/11.2.0/crtend.o
                0x00000000000004a8                . = SIZEOF_HEADERS
                0x0000000000001000                . = ALIGN (__section_alignment__)

.text           0x0000000140001000     0x2a00
 *(SORT_NONE(.init))
 *(.text)
 .text          0x0000000140001000      0x510 D:/msys64/mingw64/bin/../lib/gcc/x86_64-w64-mingw32/11.2.0/../../../../x86_64-w64-mingw32/lib/../lib/crt2.o
                0x00000001400014b0                WinMainCRTStartup
                0x00000001400014d0                mainCRTStartup
                0x00000001400014f0                atexit
 .text          0x0000000140001510       0x20 D:/msys64/mingw64/bin/../lib/gcc/x86_64-w64-mingw32/11.2.0/crtbegin.o
                0x0000000140001510                __gcc_register_frame
                0x0000000140001520                __gcc_deregister_frame
 .text          0x0000000140001530      0xb00 C:\Users\hp\AppData\Local\Temp\ccby2wma.o
                0x0000000140001530                main
 .text          0x0000000140002030        0x8 D:/msys64/mingw64/bin/../lib/gcc/x86_64-w64-mingw32/11.2.0/libstdc++.dll.a(d005463.o)
                0x0000000140002030                std::basic_ostream<char, std::char_traits<char> >& std::endl<char, std::char_traits<char> >(std::basic_ostream<char, std::char_traits<char> >&)
 .text          0x0000000140002038        0x0 D:/msys64/mingw64/bin/../lib/gcc/x86_64-w64-mingw32/11.2.0/libstdc++.dll.a(d005462.o)
 .text          0x0000000140002038        0x8 D:/msys64/mingw64/bin/../lib/gcc/x86_64-w64-mingw32/11.2.0/libstdc++.dll.a(d005165.o)
                0x0000000140002038                std::ios_base::Init::~Init()
 .text          0x0000000140002040        0x8 D:/msys64/mingw64/bin/../lib/gcc/x86_64-w64-mingw32/11.2.0/libstdc++.dll.a(d005163.o)
                0x0000000140002040                std::ios_base::Init::Init()
 .text          0x0000000140002048        0x8 D:/msys64/mingw64/bin/../lib/gcc/x86_64-w64-mingw32/11.2.0/libstdc++.dll.a(d001910.o)
                0x0000000140002048                std::ostream::operator<<(unsigned short)
 .text          0x0000000140002050        0x8 D:/msys64/mingw64/bin/../lib/gcc/x86_64-w64-mingw32/11.2.0/libstdc++.dll.a(d001896.o)
                0x0000000140002050                std::ostream::operator<<(std::ostream& (*)(std::ostream&))
 *fill*         0x0000000140002058        0x8 
 .text          0x0000000140002060       0xd0 D:/msys64/mingw64/bin/../lib/gcc/x86_64-w64-mingw32/11.2.0/../../../../x86_64-w64-mingw32/lib/../lib/libmingw32.a(lib64_libmingw32_a-gccmain.o)
                0x0000000140002060                __do_global_dtors
                0x00000001400020a0                __do_global_ctors
                0x0000000140002110                __main
 .text          0x0000000140002130        0x0 D:/msys64/mingw64/bin/../lib/gcc/x86_64-w64-mingw32/11.2.0/../../../../x86_64-w64-mingw32/lib/../lib/libmingw32.a(lib64_libmingw32_a-natstart.o)
 .text          0x0000000140002130        0x0 D:/msys64/mingw64/bin/../lib/gcc/x86_64-w64-mingw32/11.2.0/../../../../x86_64-w64-mingw32/lib/../lib/libmingw32.a(lib64_libmingw32_a-wildcard.o)
 .text          0x0000000140002130       0x10 D:/msys64/mingw64/bin/../lib/gcc/x86_64-w64-mingw32/11.2.0/../../../../x86_64-w64-mingw32/lib/../lib/libmingw32.a(lib64_libmingw32_a-dllargv.o)
                0x0000000140002130                _setargv
 .text          0x0000000140002140        0x0 D:/msys64/mingw64/bin/../lib/gcc/x86_64-w64-mingw32/11.2.0/../../../../x86_64-w64-mingw32/lib/../lib/libmingw32.a(lib64_libmingw32_a-_newmode.o)
 .text          0x0000000140002140       0xd0 D:/msys64/mingw64/bin/../lib/gcc/x86_64-w64-mingw32/11.2.0/../../../../x86_64-w64-mingw32/lib/../lib/libmingw32.a(lib64_libmingw32_a-tlssup.o)
                0x0000000140002170                __dyn_tls_init
                0x0000000140002200                __tlregdtor
 .text          0x0000000140002210        0x0 D:/msys64/mingw64/bin/../lib/gcc/x86_64-w64-mingw32/11.2.0/../../../../x86_64-w64-mingw32/lib/../lib/libmingw32.a(lib64_libmingw32_a-xncommod.o)
 .text          0x0000000140002210        0x0 D:/msys64/mingw64/bin/../lib/gcc/x86_64-w64-mingw32/11.2.0/../../../../x86_64-w64-mingw32/lib/../lib/libmingw32.a(lib64_libmingw32_a-cinitexe.o)
 .text          0x0000000140002210      0x100 D:/msys64/mingw64/bin/../lib/gcc/x86_64-w64-mingw32/11.2.0/../../../../x86_64-w64-mingw32/lib/../lib/libmingw32.a(lib64_libmingw32_a-merr.o)
                0x0000000140002210                _matherr
 .text          0x0000000140002310       0x10 D:/msys64/mingw64/bin/../lib/gcc/x86_64-w64-mingw32/11.2.0/../../../../x86_64-w64-mingw32/lib/../lib/libmingw32.a(lib64_libmingw32_a-CRT_fp10.o)
                0x0000000140002310                fpreset
                0x0000000140002310                _fpreset
 .text          0x0000000140002320        0x0 D:/msys64/mingw64/bin/../lib/gcc/x86_64-w64-mingw32/11.2.0/../../../../x86_64-w64-mingw32/lib/../lib/libmingw32.a(lib64_libmingw32_a-mingw_helpers.o)
 .text          0x0000000140002320      0x520 D:/msys64/mingw64/bin/../lib/gcc/x86_64-w64-mingw32/11.2.0/../../../../x86_64-w64-mingw32/lib/../lib/libmingw32.a(lib64_libmingw32_a-pseudo-reloc.o)
                0x0000000140002500                _pei386_runtime_relocator
 .text          0x0000000140002840       0x60 D:/msys64/mingw64/bin/../lib/gcc/x86_64-w64-mingw32/11.2.0/../../../../x86_64-w64-mingw32/lib/../lib/libmingw32.a(lib64_libmingw32_a-usermatherr.o)
                0x0000000140002840                __mingw_raise_matherr
                0x0000000140002890                __mingw_setusermatherr
 .text          0x00000001400028a0        0x0 D:/msys64/mingw64/bin/../lib/gcc/x86_64-w64-mingw32/11.2.0/../../../../x86_64-w64-mingw32/lib/../lib/libmingw32.a(lib64_libmingw32_a-xtxtmode.o)
 .text          0x00000001400028a0      0x1c0 D:/msys64/mingw64/bin/../lib/gcc/x86_64-w64-mingw32/11.2.0/../../../../x86_64-w64-mingw32/lib/../lib/libmingw32.a(lib64_libmingw32_a-crt_handler.o)
                0x00000001400028a0                _gnu_exception_handler
 .text          0x0000000140002a60      0x290 D:/msys64/mingw64/bin/../lib/gcc/x86_64-w64-mingw32/11.2.0/../../../../x86_64-w64-mingw32/lib/../lib/libmingw32.a(lib64_libmingw32_a-tlsthrd.o)
                0x0000000140002ae0                ___w64_mingwthr_add_key_dtor
                0x0000000140002b70                ___w64_mingwthr_remove_key_dtor
                0x0000000140002c00                __mingw_TLScallback
 .text          0x0000000140002cf0        0x0 D:/msys64/mingw64/bin/../lib/gcc/x86_64-w64-mingw32/11.2.0/../../../../x86_64-w64-mingw32/lib/../lib/libmingw32.a(lib64_libmingw32_a-tlsmcrt.o)
 .text          0x0000000140002cf0        0x0 D:/msys64/mingw64/bin/../lib/gcc/x86_64-w64-mingw32/11.2.0/../../../../x86_64-w64-mingw32/lib/../lib/libmingw32.a(lib64_libmingw32_a-pseudo-reloc-list.o)
 .text          0x0000000140002cf0      0x3e0 D:/msys64/mingw64/bin/../lib/gcc/x86_64-w64-mingw32/11.2.0/../../../../x86_64-w64-mingw32/lib/../lib/libmingw32.a(lib64_libmingw32_a-pesect.o)
                0x0000000140002cf0                _ValidateImageBase
                0x0000000140002d20                _FindPESection
                0x0000000140002d70                _FindPESectionByName
                0x0000000140002e10                __mingw_GetSectionForAddress
                0x0000000140002e90                __mingw_GetSectionCount
                0x0000000140002ed0                _FindPESectionExec
                0x0000000140002f40                _GetPEImageBase
                0x0000000140002f80                _IsNonwritableInCurrentImage
                0x0000000140003010                __mingw_enum_import_library_names
 .text          0x00000001400030d0       0x40 D:/msys64/mingw64/bin/../lib/gcc/x86_64-w64-mingw32/11.2.0/libgcc.a(_chkstk_ms.o)
                0x00000001400030d0                ___chkstk_ms
 .text          0x0000000140003110        0x0 D:/msys64/mingw64/bin/../lib/gcc/x86_64-w64-mingw32/11.2.0/libgcc.a(_ctors.o)
 .text          0x0000000140003110        0x0 D:/msys64/mingw64/bin/../lib/gcc/x86_64-w64-mingw32/11.2.0/../../../../x86_64-w64-mingw32/lib/../lib/libmingwex.a(lib64_libmingwex_a-mingw_matherr.o)
 .text          0x0000000140003110       0x10 D:/msys64/mingw64/bin/../lib/gcc/x86_64-w64-mingw32/11.2.0/../../../../x86_64-w64-mingw32/lib/../lib/libmsvcrt.a(lib64_libmsvcrt_extra_a-__p__fmode.o)
                0x0000000140003110                __p__fmode
 .text          0x0000000140003120       0x10 D:/msys64/mingw64/bin/../lib/gcc/x86_64-w64-mingw32/11.2.0/../../../../x86_64-w64-mingw32/lib/../lib/libmsvcrt.a(lib64_libmsvcrt_extra_a-__p__commode.o)
                0x0000000140003120                __p__commode
 .text          0x0000000140003130       0x10 D:/msys64/mingw64/bin/../lib/gcc/x86_64-w64-mingw32/11.2.0/../../../../x86_64-w64-mingw32/lib/../lib/libmsvcrt.a(lib64_libmsvcrt_extra_a-__p__acmdln.o)
                0x0000000140003130                __p__acmdln
 .text          0x0000000140003140       0x20 D:/msys64/mingw64/bin/../lib/gcc/x86_64-w64-mingw32/11.2.0/../../../../x86_64-w64-mingw32/lib/../lib/libmsvcrt.a(lib64_libmsvcrt_extra_a-invalid_parameter_handler.o)
                0x0000000140003140                _get_invalid_parameter_handler
                0x0000000140003150                _set_invalid_parameter_handler
 .text          0x0000000140003160       0x20 D:/msys64/mingw64/bin/../lib/gcc/x86_64-w64-mingw32/11.2.0/../../../../x86_64-w64-mingw32/lib/../lib/libmsvcrt.a(lib64_libmsvcrt_common_a-acrt_iob_func.o)
                0x0000000140003160                __acrt_iob_func
 .text          0x0000000140003180        0x8 D:/msys64/mingw64/bin/../lib/gcc/x86_64-w64-mingw32/11.2.0/../../../../x86_64-w64-mingw32/lib/../lib/libmsvcrt.a(libmsvcrt_defs00055.o)
                0x0000000140003180                __C_specific_handler
 .text          0x0000000140003188        0x8 D:/msys64/mingw64/bin/../lib/gcc/x86_64-w64-mingw32/11.2.0/../../../../x86_64-w64-mingw32/lib/../lib/libmsvcrt.a(libmsvcrt_defs00081.o)
                0x0000000140003188                __getmainargs
 .text          0x0000000140003190        0x0 D:/msys64/mingw64/bin/../lib/gcc/x86_64-w64-mingw32/11.2.0/../../../../x86_64-w64-mingw32/lib/../lib/libmsvcrt.a(libmsvcrt_defs00082.o)
 .text          0x0000000140003190        0x8 D:/msys64/mingw64/bin/../lib/gcc/x86_64-w64-mingw32/11.2.0/../../../../x86_64-w64-mingw32/lib/../lib/libmsvcrt.a(libmsvcrt_defs00083.o)
                0x0000000140003190                __iob_func
 .text          0x0000000140003198        0x8 D:/msys64/mingw64/bin/../lib/gcc/x86_64-w64-mingw32/11.2.0/../../../../x86_64-w64-mingw32/lib/../lib/libmsvcrt.a(libmsvcrt_defs00097.o)
                0x0000000140003198                __set_app_type
 .text          0x00000001400031a0        0x8 D:/msys64/mingw64/bin/../lib/gcc/x86_64-w64-mingw32/11.2.0/../../../../x86_64-w64-mingw32/lib/../lib/libmsvcrt.a(libmsvcrt_defs00099.o)
                0x00000001400031a0                __setusermatherr
 .text          0x00000001400031a8        0x0 D:/msys64/mingw64/bin/../lib/gcc/x86_64-w64-mingw32/11.2.0/../../../../x86_64-w64-mingw32/lib/../lib/libmsvcrt.a(libmsvcrt_defs00116.o)
 .text          0x00000001400031a8        0x8 D:/msys64/mingw64/bin/../lib/gcc/x86_64-w64-mingw32/11.2.0/../../../../x86_64-w64-mingw32/lib/../lib/libmsvcrt.a(libmsvcrt_defs00123.o)
                0x00000001400031a8                _amsg_exit
 .text          0x00000001400031b0        0x8 D:/msys64/mingw64/bin/../lib/gcc/x86_64-w64-mingw32/11.2.0/../../../../x86_64-w64-mingw32/lib/../lib/libmsvcrt.a(libmsvcrt_defs00141.o)
                0x00000001400031b0                _cexit
 .text          0x00000001400031b8        0x0 D:/msys64/mingw64/bin/../lib/gcc/x86_64-w64-mingw32/11.2.0/../../../../x86_64-w64-mingw32/lib/../lib/libmsvcrt.a(libmsvcrt_defs00157.o)
 .text          0x00000001400031b8        0x0 D:/msys64/mingw64/bin/../lib/gcc/x86_64-w64-mingw32/11.2.0/../../../../x86_64-w64-mingw32/lib/../lib/libmsvcrt.a(libmsvcrt_defs00254.o)
 .text          0x00000001400031b8        0x8 D:/msys64/mingw64/bin/../lib/gcc/x86_64-w64-mingw32/11.2.0/../../../../x86_64-w64-mingw32/lib/../lib/libmsvcrt.a(libmsvcrt_defs00332.o)
                0x00000001400031b8                _initterm
 .text          0x00000001400031c0        0x8 D:/msys64/mingw64/bin/../lib/gcc/x86_64-w64-mingw32/11.2.0/../../../../x86_64-w64-mingw32/lib/../lib/libmsvcrt.a(libmsvcrt_defs00614.o)
                0x00000001400031c0                _onexit
 .text          0x00000001400031c8        0x8 D:/msys64/mingw64/bin/../lib/gcc/x86_64-w64-mingw32/11.2.0/../../../../x86_64-w64-mingw32/lib/../lib/libmsvcrt.a(libmsvcrt_defs01038.o)
                0x00000001400031c8                abort
 .text          0x00000001400031d0        0x8 D:/msys64/mingw64/bin/../lib/gcc/x86_64-w64-mingw32/11.2.0/../../../../x86_64-w64-mingw32/lib/../lib/libmsvcrt.a(libmsvcrt_defs01056.o)
                0x00000001400031d0                calloc
 .text          0x00000001400031d8        0x8 D:/msys64/mingw64/bin/../lib/gcc/x86_64-w64-mingw32/11.2.0/../../../../x86_64-w64-mingw32/lib/../lib/libmsvcrt.a(libmsvcrt_defs01069.o)
                0x00000001400031d8                exit
 .text          0x00000001400031e0        0x8 D:/msys64/mingw64/bin/../lib/gcc/x86_64-w64-mingw32/11.2.0/../../../../x86_64-w64-mingw32/lib/../lib/libmsvcrt.a(libmsvcrt_defs01090.o)
                0x00000001400031e0                fprintf
 .text          0x00000001400031e8        0x8 D:/msys64/mingw64/bin/../lib/gcc/x86_64-w64-mingw32/11.2.0/../../../../x86_64-w64-mingw32/lib/../lib/libmsvcrt.a(libmsvcrt_defs01097.o)
                0x00000001400031e8                free
 .text          0x00000001400031f0        0x8 D:/msys64/mingw64/bin/../lib/gcc/x86_64-w64-mingw32/11.2.0/../../../../x86_64-w64-mingw32/lib/../lib/libmsvcrt.a(libmsvcrt_defs01110.o)
                0x00000001400031f0                fwrite
 .text          0x00000001400031f8        0x8 D:/msys64/mingw64/bin/../lib/gcc/x86_64-w64-mingw32/11.2.0/../../../../x86_64-w64-mingw32/lib/../lib/libmsvcrt.a(libmsvcrt_defs01158.o)
                0x00000001400031f8                malloc
 .text          0x0000000140003200        0x8 D:/msys64/mingw64/bin/../lib/gcc/x86_64-w64-mingw32/11.2.0/../../../../x86_64-w64-mingw32/lib/../lib/libmsvcrt.a(libmsvcrt_defs01166.o)
                0x0000000140003200                memcpy
 .text          0x0000000140003208        0x8 D:/msys64/mingw64/bin/../lib/gcc/x86_64-w64-mingw32/11.2.0/../../../../x86_64-w64-mingw32/lib/../lib/libmsvcrt.a(libmsvcrt_defs01198.o)
                0x0000000140003208                signal
 .text          0x0000000140003210        0x8 D:/msys64/mingw64/bin/../lib/gcc/x86_64-w64-mingw32/11.2.0/../../../../x86_64-w64-mingw32/lib/../lib/libmsvcrt.a(libmsvcrt_defs01221.o)
                0x0000000140003210                strlen
 .text          0x0000000140003218        0x8 D:/msys64/mingw64/bin/../lib/gcc/x86_64-w64-mingw32/11.2.0/../../../../x86_64-w64-mingw32/lib/../lib/libmsvcrt.a(libmsvcrt_defs01224.o)
                0x0000000140003218                strncmp
 .text          0x0000000140003220        0x8 D:/msys64/mingw64/bin/../lib/gcc/x86_64-w64-mingw32/11.2.0/../../../../x86_64-w64-mingw32/lib/../lib/libmsvcrt.a(libmsvcrt_defs01259.o)
                0x0000000140003220                vfprintf
 *fill*         0x0000000140003228        0x8 
 .text          0x0000000140003230        0x0 D:/msys64/mingw64/bin/../lib/gcc/x86_64-w64-mingw32/11.2.0/../../../../x86_64-w64-mingw32/lib/../lib/libmsvcrt.a(libmsvcrt_defh.o)
 .text          0x0000000140003230        0x0 D:/msys64/mingw64/bin/../lib/gcc/x86_64-w64-mingw32/11.2.0/../../../../x86_64-w64-mingw32/lib/../lib/libmsvcrt.a(libmsvcrt_deft.o)
 .text          0x0000000140003230        0x8 D:/msys64/mingw64/bin/../lib/gcc/x86_64-w64-mingw32/11.2.0/../../../../x86_64-w64-mingw32/lib/../lib/libkernel32.a(libkernel32s01493.o)
                0x0000000140003230                VirtualQuery
 .text          0x0000000140003238        0x8 D:/msys64/mingw64/bin/../lib/gcc/x86_64-w64-mingw32/11.2.0/../../../../x86_64-w64-mingw32/lib/../lib/libkernel32.a(libkernel32s01491.o)
                0x0000000140003238                VirtualProtect
 .text          0x0000000140003240        0x8 D:/msys64/mingw64/bin/../lib/gcc/x86_64-w64-mingw32/11.2.0/../../../../x86_64-w64-mingw32/lib/../lib/libkernel32.a(libkernel32s01444.o)
                0x0000000140003240                TlsGetValue
 .text          0x0000000140003248        0x8 D:/msys64/mingw64/bin/../lib/gcc/x86_64-w64-mingw32/11.2.0/../../../../x86_64-w64-mingw32/lib/../lib/libkernel32.a(libkernel32s01409.o)
                0x0000000140003248                Sleep
 .text          0x0000000140003250        0x8 D:/msys64/mingw64/bin/../lib/gcc/x86_64-w64-mingw32/11.2.0/../../../../x86_64-w64-mingw32/lib/../lib/libkernel32.a(libkernel32s01393.o)
                0x0000000140003250                SetUnhandledExceptionFilter
 .text          0x0000000140003258        0x8 D:/msys64/mingw64/bin/../lib/gcc/x86_64-w64-mingw32/11.2.0/../../../../x86_64-w64-mingw32/lib/../lib/libkernel32.a(libkernel32s00983.o)
                0x0000000140003258                LeaveCriticalSection
 .text          0x0000000140003260        0x8 D:/msys64/mingw64/bin/../lib/gcc/x86_64-w64-mingw32/11.2.0/../../../../x86_64-w64-mingw32/lib/../lib/libkernel32.a(libkernel32s00891.o)
                0x0000000140003260                InitializeCriticalSection
 .text          0x0000000140003268        0x8 D:/msys64/mingw64/bin/../lib/gcc/x86_64-w64-mingw32/11.2.0/../../../../x86_64-w64-mingw32/lib/../lib/libkernel32.a(libkernel32s00742.o)
                0x0000000140003268                GetStartupInfoA
 .text          0x0000000140003270        0x8 D:/msys64/mingw64/bin/../lib/gcc/x86_64-w64-mingw32/11.2.0/../../../../x86_64-w64-mingw32/lib/../lib/libkernel32.a(libkernel32s00629.o)
                0x0000000140003270                GetLastError
 .text          0x0000000140003278        0x8 D:/msys64/mingw64/bin/../lib/gcc/x86_64-w64-mingw32/11.2.0/../../../../x86_64-w64-mingw32/lib/../lib/libkernel32.a(libkernel32s00318.o)
                0x0000000140003278                EnterCriticalSection
 .text          0x0000000140003280        0x8 D:/msys64/mingw64/bin/../lib/gcc/x86_64-w64-mingw32/11.2.0/../../../../x86_64-w64-mingw32/lib/../lib/libkernel32.a(libkernel32s00282.o)
                0x0000000140003280                DeleteCriticalSection
 *fill*         0x0000000140003288        0x8 
 .text          0x0000000140003290        0x0 D:/msys64/mingw64/bin/../lib/gcc/x86_64-w64-mingw32/11.2.0/../../../../x86_64-w64-mingw32/lib/../lib/libkernel32.a(libkernel32h.o)
 .text          0x0000000140003290        0x0 D:/msys64/mingw64/bin/../lib/gcc/x86_64-w64-mingw32/11.2.0/../../../../x86_64-w64-mingw32/lib/../lib/libkernel32.a(libkernel32t.o)
 .text          0x0000000140003290        0x0 D:/msys64/mingw64/bin/../lib/gcc/x86_64-w64-mingw32/11.2.0/crtend.o
 *(SORT_BY_NAME(.text$*))
 .text$_ZN8RegisterItE13setPermissionEh
                0x0000000140003290       0x80 C:\Users\hp\AppData\Local\Temp\ccby2wma.o
                0x0000000140003290                Register<unsigned short>::setPermission(unsigned char)
 .text$_ZN8RegisterItE13setPermissionEhh
                0x0000000140003310      0x180 C:\Users\hp\AppData\Local\Temp\ccby2wma.o
                0x0000000140003310                Register<unsigned short>::setPermission(unsigned char, unsigned char)
 .text$_ZN8RegisterItE16getRegisterValueEPt
                0x0000000140003490       0xa0 C:\Users\hp\AppData\Local\Temp\ccby2wma.o
                0x0000000140003490                Register<unsigned short>::getRegisterValue(unsigned short*)
 .text$_ZN8RegisterItE16setRegisterValueEt
                0x0000000140003530       0xa0 C:\Users\hp\AppData\Local\Temp\ccby2wma.o
                0x0000000140003530                Register<unsigned short>::setRegisterValue(unsigned short)
 .text$_ZN8RegisterItE6GetBitEPth
                0x00000001400035d0       0xd0 C:\Users\hp\AppData\Local\Temp\ccby2wma.o
                0x00000001400035d0                Register<unsigned short>::GetBit(unsigned short*, unsigned char)
 .text$_ZN8RegisterItE6SetBitEi
                0x00000001400036a0       0xc0 C:\Users\hp\AppData\Local\Temp\ccby2wma.o
                0x00000001400036a0                Register<unsigned short>::SetBit(int)
 .text$_ZN8RegisterItE8ClearBitEi
                0x0000000140003760       0xc0 C:\Users\hp\AppData\Local\Temp\ccby2wma.o
                0x0000000140003760                Register<unsigned short>::ClearBit(int)
 .text$_ZN8RegisterItEC1Ev
                0x0000000140003820       0x40 C:\Users\hp\AppData\Local\Temp\ccby2wma.o
                0x0000000140003820                Register<unsigned short>::Register()
 *(.text.*)
 .text.startup  0x0000000140003860       0x10 D:/msys64/mingw64/bin/../lib/gcc/x86_64-w64-mingw32/11.2.0/crtend.o
 *(.gnu.linkonce.t.*)
 *(.glue_7t)
 *(.glue_7)
                0x0000000140003870                . = ALIGN (0x8)
                0x0000000140003870                ___CTOR_LIST__ = .
                0x0000000140003870                __CTOR_LIST__ = .
                0x0000000140003870        0x4 LONG 0xffffffffffffffff
                0x0000000140003874        0x4 LONG 0xffffffffffffffff
 *(.ctors)
 .ctors         0x0000000140003878        0x8 C:\Users\hp\AppData\Local\Temp\ccby2wma.o
 *(.ctor)
 *(SORT_BY_NAME(.ctors.*))
 .ctors.65535   0x0000000140003880        0x8 D:/msys64/mingw64/bin/../lib/gcc/x86_64-w64-mingw32/11.2.0/crtend.o
                0x0000000140003888        0x4 LONG 0x0
                0x000000014000388c        0x4 LONG 0x0
                0x0000000140003890                ___DTOR_LIST__ = .
                0x0000000140003890                __DTOR_LIST__ = .
                0x0000000140003890        0x4 LONG 0xffffffffffffffff
                0x0000000140003894        0x4 LONG 0xffffffffffffffff
 *(.dtors)
 *(.dtor)
 *(SORT_BY_NAME(.dtors.*))
                0x0000000140003898        0x4 LONG 0x0
                0x000000014000389c        0x4 LONG 0x0
 *(SORT_NONE(.fini))
 *(.gcc_exc)
                [!provide]                        PROVIDE (etext = .)
 *(.gcc_except_table)

.data           0x0000000140004000      0x200
                0x0000000140004000                __data_start__ = .
 *(.data)
 .data          0x0000000140004000       0x10 D:/msys64/mingw64/bin/../lib/gcc/x86_64-w64-mingw32/11.2.0/../../../../x86_64-w64-mingw32/lib/../lib/crt2.o
                0x0000000140004000                __mingw_winmain_nShowCmd
 .data          0x0000000140004010        0x0 D:/msys64/mingw64/bin/../lib/gcc/x86_64-w64-mingw32/11.2.0/crtbegin.o
 .data          0x0000000140004010        0x0 C:\Users\hp\AppData\Local\Temp\ccby2wma.o
 .data          0x0000000140004010       0x10 D:/msys64/mingw64/bin/../lib/gcc/x86_64-w64-mingw32/11.2.0/../../../../x86_64-w64-mingw32/lib/../lib/libmingw32.a(lib64_libmingw32_a-gccmain.o)
 .data          0x0000000140004020       0x10 D:/msys64/mingw64/bin/../lib/gcc/x86_64-w64-mingw32/11.2.0/../../../../x86_64-w64-mingw32/lib/../lib/libmingw32.a(lib64_libmingw32_a-natstart.o)
                0x0000000140004020                __native_vcclrit_reason
                0x0000000140004024                __native_dllmain_reason
 .data          0x0000000140004030       0x10 D:/msys64/mingw64/bin/../lib/gcc/x86_64-w64-mingw32/11.2.0/../../../../x86_64-w64-mingw32/lib/../lib/libmingw32.a(lib64_libmingw32_a-wildcard.o)
                0x0000000140004030                _dowildcard
 .data          0x0000000140004040        0x0 D:/msys64/mingw64/bin/../lib/gcc/x86_64-w64-mingw32/11.2.0/../../../../x86_64-w64-mingw32/lib/../lib/libmingw32.a(lib64_libmingw32_a-dllargv.o)
 .data          0x0000000140004040        0x0 D:/msys64/mingw64/bin/../lib/gcc/x86_64-w64-mingw32/11.2.0/../../../../x86_64-w64-mingw32/lib/../lib/libmingw32.a(lib64_libmingw32_a-_newmode.o)
 .data          0x0000000140004040        0x0 D:/msys64/mingw64/bin/../lib/gcc/x86_64-w64-mingw32/11.2.0/../../../../x86_64-w64-mingw32/lib/../lib/libmingw32.a(lib64_libmingw32_a-tlssup.o)
 .data          0x0000000140004040        0x0 D:/msys64/mingw64/bin/../lib/gcc/x86_64-w64-mingw32/11.2.0/../../../../x86_64-w64-mingw32/lib/../lib/libmingw32.a(lib64_libmingw32_a-xncommod.o)
 .data          0x0000000140004040        0x0 D:/msys64/mingw64/bin/../lib/gcc/x86_64-w64-mingw32/11.2.0/../../../../x86_64-w64-mingw32/lib/../lib/libmingw32.a(lib64_libmingw32_a-cinitexe.o)
 .data          0x0000000140004040        0x0 D:/msys64/mingw64/bin/../lib/gcc/x86_64-w64-mingw32/11.2.0/../../../../x86_64-w64-mingw32/lib/../lib/libmingw32.a(lib64_libmingw32_a-merr.o)
 .data          0x0000000140004040        0x0 D:/msys64/mingw64/bin/../lib/gcc/x86_64-w64-mingw32/11.2.0/../../../../x86_64-w64-mingw32/lib/../lib/libmingw32.a(lib64_libmingw32_a-CRT_fp10.o)
 .data          0x0000000140004040        0x0 D:/msys64/mingw64/bin/../lib/gcc/x86_64-w64-mingw32/11.2.0/../../../../x86_64-w64-mingw32/lib/../lib/libmingw32.a(lib64_libmingw32_a-mingw_helpers.o)
 .data          0x0000000140004040        0x0 D:/msys64/mingw64/bin/../lib/gcc/x86_64-w64-mingw32/11.2.0/../../../../x86_64-w64-mingw32/lib/../lib/libmingw32.a(lib64_libmingw32_a-pseudo-reloc.o)
 .data          0x0000000140004040        0x0 D:/msys64/mingw64/bin/../lib/gcc/x86_64-w64-mingw32/11.2.0/../../../../x86_64-w64-mingw32/lib/../lib/libmingw32.a(lib64_libmingw32_a-usermatherr.o)
 .data          0x0000000140004040        0x0 D:/msys64/mingw64/bin/../lib/gcc/x86_64-w64-mingw32/11.2.0/../../../../x86_64-w64-mingw32/lib/../lib/libmingw32.a(lib64_libmingw32_a-xtxtmode.o)
 .data          0x0000000140004040        0x0 D:/msys64/mingw64/bin/../lib/gcc/x86_64-w64-mingw32/11.2.0/../../../../x86_64-w64-mingw32/lib/../lib/libmingw32.a(lib64_libmingw32_a-crt_handler.o)
 .data          0x0000000140004040        0x0 D:/msys64/mingw64/bin/../lib/gcc/x86_64-w64-mingw32/11.2.0/../../../../x86_64-w64-mingw32/lib/../lib/libmingw32.a(lib64_libmingw32_a-tlsthrd.o)
 .data          0x0000000140004040       0x10 D:/msys64/mingw64/bin/../lib/gcc/x86_64-w64-mingw32/11.2.0/../../../../x86_64-w64-mingw32/lib/../lib/libmingw32.a(lib64_libmingw32_a-tlsmcrt.o)
                0x0000000140004040                _CRT_MT
 .data          0x0000000140004050        0x0 D:/msys64/mingw64/bin/../lib/gcc/x86_64-w64-mingw32/11.2.0/../../../../x86_64-w64-mingw32/lib/../lib/libmingw32.a(lib64_libmingw32_a-pseudo-reloc-list.o)
 .data          0x0000000140004050        0x0 D:/msys64/mingw64/bin/../lib/gcc/x86_64-w64-mingw32/11.2.0/../../../../x86_64-w64-mingw32/lib/../lib/libmingw32.a(lib64_libmingw32_a-pesect.o)
 .data          0x0000000140004050        0x0 D:/msys64/mingw64/bin/../lib/gcc/x86_64-w64-mingw32/11.2.0/libgcc.a(_chkstk_ms.o)
 .data          0x0000000140004050        0x0 D:/msys64/mingw64/bin/../lib/gcc/x86_64-w64-mingw32/11.2.0/libgcc.a(_ctors.o)
 .data          0x0000000140004050       0x10 D:/msys64/mingw64/bin/../lib/gcc/x86_64-w64-mingw32/11.2.0/../../../../x86_64-w64-mingw32/lib/../lib/libmingwex.a(lib64_libmingwex_a-mingw_matherr.o)
                0x0000000140004050                _MINGW_INSTALL_DEBUG_MATHERR
 .data          0x0000000140004060       0x10 D:/msys64/mingw64/bin/../lib/gcc/x86_64-w64-mingw32/11.2.0/../../../../x86_64-w64-mingw32/lib/../lib/libmsvcrt.a(lib64_libmsvcrt_extra_a-__p__fmode.o)
                0x0000000140004060                __imp___p__fmode
 .data          0x0000000140004070       0x10 D:/msys64/mingw64/bin/../lib/gcc/x86_64-w64-mingw32/11.2.0/../../../../x86_64-w64-mingw32/lib/../lib/libmsvcrt.a(lib64_libmsvcrt_extra_a-__p__commode.o)
                0x0000000140004070                __imp___p__commode
 .data          0x0000000140004080       0x10 D:/msys64/mingw64/bin/../lib/gcc/x86_64-w64-mingw32/11.2.0/../../../../x86_64-w64-mingw32/lib/../lib/libmsvcrt.a(lib64_libmsvcrt_extra_a-__p__acmdln.o)
                0x0000000140004080                __imp___p__acmdln
 .data          0x0000000140004090       0x10 D:/msys64/mingw64/bin/../lib/gcc/x86_64-w64-mingw32/11.2.0/../../../../x86_64-w64-mingw32/lib/../lib/libmsvcrt.a(lib64_libmsvcrt_extra_a-invalid_parameter_handler.o)
                0x0000000140004090                __imp__get_invalid_parameter_handler
                0x0000000140004098                __imp__set_invalid_parameter_handler
 .data          0x00000001400040a0       0x10 D:/msys64/mingw64/bin/../lib/gcc/x86_64-w64-mingw32/11.2.0/../../../../x86_64-w64-mingw32/lib/../lib/libmsvcrt.a(lib64_libmsvcrt_common_a-acrt_iob_func.o)
                0x00000001400040a0                __imp___acrt_iob_func
 .data          0x00000001400040b0        0x0 D:/msys64/mingw64/bin/../lib/gcc/x86_64-w64-mingw32/11.2.0/../../../../x86_64-w64-mingw32/lib/../lib/libmsvcrt.a(libmsvcrt_defs00055.o)
 .data          0x00000001400040b0        0x0 D:/msys64/mingw64/bin/../lib/gcc/x86_64-w64-mingw32/11.2.0/../../../../x86_64-w64-mingw32/lib/../lib/libmsvcrt.a(libmsvcrt_defs00081.o)
 .data          0x00000001400040b0        0x0 D:/msys64/mingw64/bin/../lib/gcc/x86_64-w64-mingw32/11.2.0/../../../../x86_64-w64-mingw32/lib/../lib/libmsvcrt.a(libmsvcrt_defs00082.o)
 .data          0x00000001400040b0        0x0 D:/msys64/mingw64/bin/../lib/gcc/x86_64-w64-mingw32/11.2.0/../../../../x86_64-w64-mingw32/lib/../lib/libmsvcrt.a(libmsvcrt_defs00083.o)
 .data          0x00000001400040b0        0x0 D:/msys64/mingw64/bin/../lib/gcc/x86_64-w64-mingw32/11.2.0/../../../../x86_64-w64-mingw32/lib/../lib/libmsvcrt.a(libmsvcrt_defs00097.o)
 .data          0x00000001400040b0        0x0 D:/msys64/mingw64/bin/../lib/gcc/x86_64-w64-mingw32/11.2.0/../../../../x86_64-w64-mingw32/lib/../lib/libmsvcrt.a(libmsvcrt_defs00099.o)
 .data          0x00000001400040b0        0x0 D:/msys64/mingw64/bin/../lib/gcc/x86_64-w64-mingw32/11.2.0/../../../../x86_64-w64-mingw32/lib/../lib/libmsvcrt.a(libmsvcrt_defs00116.o)
 .data          0x00000001400040b0        0x0 D:/msys64/mingw64/bin/../lib/gcc/x86_64-w64-mingw32/11.2.0/../../../../x86_64-w64-mingw32/lib/../lib/libmsvcrt.a(libmsvcrt_defs00123.o)
 .data          0x00000001400040b0        0x0 D:/msys64/mingw64/bin/../lib/gcc/x86_64-w64-mingw32/11.2.0/../../../../x86_64-w64-mingw32/lib/../lib/libmsvcrt.a(libmsvcrt_defs00141.o)
 .data          0x00000001400040b0        0x0 D:/msys64/mingw64/bin/../lib/gcc/x86_64-w64-mingw32/11.2.0/../../../../x86_64-w64-mingw32/lib/../lib/libmsvcrt.a(libmsvcrt_defs00157.o)
 .data          0x00000001400040b0        0x0 D:/msys64/mingw64/bin/../lib/gcc/x86_64-w64-mingw32/11.2.0/../../../../x86_64-w64-mingw32/lib/../lib/libmsvcrt.a(libmsvcrt_defs00254.o)
 .data          0x00000001400040b0        0x0 D:/msys64/mingw64/bin/../lib/gcc/x86_64-w64-mingw32/11.2.0/../../../../x86_64-w64-mingw32/lib/../lib/libmsvcrt.a(libmsvcrt_defs00332.o)
 .data          0x00000001400040b0        0x0 D:/msys64/mingw64/bin/../lib/gcc/x86_64-w64-mingw32/11.2.0/../../../../x86_64-w64-mingw32/lib/../lib/libmsvcrt.a(libmsvcrt_defs00614.o)
 .data          0x00000001400040b0        0x0 D:/msys64/mingw64/bin/../lib/gcc/x86_64-w64-mingw32/11.2.0/../../../../x86_64-w64-mingw32/lib/../lib/libmsvcrt.a(libmsvcrt_defs01038.o)
 .data          0x00000001400040b0        0x0 D:/msys64/mingw64/bin/../lib/gcc/x86_64-w64-mingw32/11.2.0/../../../../x86_64-w64-mingw32/lib/../lib/libmsvcrt.a(libmsvcrt_defs01056.o)
 .data          0x00000001400040b0        0x0 D:/msys64/mingw64/bin/../lib/gcc/x86_64-w64-mingw32/11.2.0/../../../../x86_64-w64-mingw32/lib/../lib/libmsvcrt.a(libmsvcrt_defs01069.o)
 .data          0x00000001400040b0        0x0 D:/msys64/mingw64/bin/../lib/gcc/x86_64-w64-mingw32/11.2.0/../../../../x86_64-w64-mingw32/lib/../lib/libmsvcrt.a(libmsvcrt_defs01090.o)
 .data          0x00000001400040b0        0x0 D:/msys64/mingw64/bin/../lib/gcc/x86_64-w64-mingw32/11.2.0/../../../../x86_64-w64-mingw32/lib/../lib/libmsvcrt.a(libmsvcrt_defs01097.o)
 .data          0x00000001400040b0        0x0 D:/msys64/mingw64/bin/../lib/gcc/x86_64-w64-mingw32/11.2.0/../../../../x86_64-w64-mingw32/lib/../lib/libmsvcrt.a(libmsvcrt_defs01110.o)
 .data          0x00000001400040b0        0x0 D:/msys64/mingw64/bin/../lib/gcc/x86_64-w64-mingw32/11.2.0/../../../../x86_64-w64-mingw32/lib/../lib/libmsvcrt.a(libmsvcrt_defs01158.o)
 .data          0x00000001400040b0        0x0 D:/msys64/mingw64/bin/../lib/gcc/x86_64-w64-mingw32/11.2.0/../../../../x86_64-w64-mingw32/lib/../lib/libmsvcrt.a(libmsvcrt_defs01166.o)
 .data          0x00000001400040b0        0x0 D:/msys64/mingw64/bin/../lib/gcc/x86_64-w64-mingw32/11.2.0/../../../../x86_64-w64-mingw32/lib/../lib/libmsvcrt.a(libmsvcrt_defs01198.o)
 .data          0x00000001400040b0        0x0 D:/msys64/mingw64/bin/../lib/gcc/x86_64-w64-mingw32/11.2.0/../../../../x86_64-w64-mingw32/lib/../lib/libmsvcrt.a(libmsvcrt_defs01221.o)
 .data          0x00000001400040b0        0x0 D:/msys64/mingw64/bin/../lib/gcc/x86_64-w64-mingw32/11.2.0/../../../../x86_64-w64-mingw32/lib/../lib/libmsvcrt.a(libmsvcrt_defs01224.o)
 .data          0x00000001400040b0        0x0 D:/msys64/mingw64/bin/../lib/gcc/x86_64-w64-mingw32/11.2.0/../../../../x86_64-w64-mingw32/lib/../lib/libmsvcrt.a(libmsvcrt_defs01259.o)
 .data          0x00000001400040b0        0x0 D:/msys64/mingw64/bin/../lib/gcc/x86_64-w64-mingw32/11.2.0/../../../../x86_64-w64-mingw32/lib/../lib/libmsvcrt.a(libmsvcrt_defh.o)
 .data          0x00000001400040b0        0x0 D:/msys64/mingw64/bin/../lib/gcc/x86_64-w64-mingw32/11.2.0/../../../../x86_64-w64-mingw32/lib/../lib/libmsvcrt.a(libmsvcrt_deft.o)
 .data          0x00000001400040b0        0x0 D:/msys64/mingw64/bin/../lib/gcc/x86_64-w64-mingw32/11.2.0/../../../../x86_64-w64-mingw32/lib/../lib/libkernel32.a(libkernel32s01493.o)
 .data          0x00000001400040b0        0x0 D:/msys64/mingw64/bin/../lib/gcc/x86_64-w64-mingw32/11.2.0/../../../../x86_64-w64-mingw32/lib/../lib/libkernel32.a(libkernel32s01491.o)
 .data          0x00000001400040b0        0x0 D:/msys64/mingw64/bin/../lib/gcc/x86_64-w64-mingw32/11.2.0/../../../../x86_64-w64-mingw32/lib/../lib/libkernel32.a(libkernel32s01444.o)
 .data          0x00000001400040b0        0x0 D:/msys64/mingw64/bin/../lib/gcc/x86_64-w64-mingw32/11.2.0/../../../../x86_64-w64-mingw32/lib/../lib/libkernel32.a(libkernel32s01409.o)
 .data          0x00000001400040b0        0x0 D:/msys64/mingw64/bin/../lib/gcc/x86_64-w64-mingw32/11.2.0/../../../../x86_64-w64-mingw32/lib/../lib/libkernel32.a(libkernel32s01393.o)
 .data          0x00000001400040b0        0x0 D:/msys64/mingw64/bin/../lib/gcc/x86_64-w64-mingw32/11.2.0/../../../../x86_64-w64-mingw32/lib/../lib/libkernel32.a(libkernel32s00983.o)
 .data          0x00000001400040b0        0x0 D:/msys64/mingw64/bin/../lib/gcc/x86_64-w64-mingw32/11.2.0/../../../../x86_64-w64-mingw32/lib/../lib/libkernel32.a(libkernel32s00891.o)
 .data          0x00000001400040b0        0x0 D:/msys64/mingw64/bin/../lib/gcc/x86_64-w64-mingw32/11.2.0/../../../../x86_64-w64-mingw32/lib/../lib/libkernel32.a(libkernel32s00742.o)
 .data          0x00000001400040b0        0x0 D:/msys64/mingw64/bin/../lib/gcc/x86_64-w64-mingw32/11.2.0/../../../../x86_64-w64-mingw32/lib/../lib/libkernel32.a(libkernel32s00629.o)
 .data          0x00000001400040b0        0x0 D:/msys64/mingw64/bin/../lib/gcc/x86_64-w64-mingw32/11.2.0/../../../../x86_64-w64-mingw32/lib/../lib/libkernel32.a(libkernel32s00318.o)
 .data          0x00000001400040b0        0x0 D:/msys64/mingw64/bin/../lib/gcc/x86_64-w64-mingw32/11.2.0/../../../../x86_64-w64-mingw32/lib/../lib/libkernel32.a(libkernel32s00282.o)
 .data          0x00000001400040b0        0x0 D:/msys64/mingw64/bin/../lib/gcc/x86_64-w64-mingw32/11.2.0/../../../../x86_64-w64-mingw32/lib/../lib/libkernel32.a(libkernel32h.o)
 .data          0x00000001400040b0        0x0 D:/msys64/mingw64/bin/../lib/gcc/x86_64-w64-mingw32/11.2.0/../../../../x86_64-w64-mingw32/lib/../lib/libkernel32.a(libkernel32t.o)
 .data          0x00000001400040b0        0x0 D:/msys64/mingw64/bin/../lib/gcc/x86_64-w64-mingw32/11.2.0/crtend.o
 *(.data2)
 *(SORT_BY_NAME(.data$*))
 *(.jcr)
                0x00000001400040b0                __data_end__ = .
 *(.data_cygwin_nocopy)

.rdata          0x0000000140005000      0xc00
 *(.rdata)
 .rdata         0x0000000140005000       0x60 D:/msys64/mingw64/bin/../lib/gcc/x86_64-w64-mingw32/11.2.0/../../../../x86_64-w64-mingw32/lib/../lib/libmingw32.a(lib64_libmingw32_a-tlssup.o)
                0x0000000140005000                __dyn_tls_init_callback
                0x0000000140005020                _tls_used
 .rdata         0x0000000140005060      0x140 D:/msys64/mingw64/bin/../lib/gcc/x86_64-w64-mingw32/11.2.0/../../../../x86_64-w64-mingw32/lib/../lib/libmingw32.a(lib64_libmingw32_a-merr.o)
 .rdata         0x00000001400051a0      0x160 D:/msys64/mingw64/bin/../lib/gcc/x86_64-w64-mingw32/11.2.0/../../../../x86_64-w64-mingw32/lib/../lib/libmingw32.a(lib64_libmingw32_a-pseudo-reloc.o)
 .rdata         0x0000000140005300       0x30 D:/msys64/mingw64/bin/../lib/gcc/x86_64-w64-mingw32/11.2.0/../../../../x86_64-w64-mingw32/lib/../lib/libmingw32.a(lib64_libmingw32_a-crt_handler.o)
 .rdata         0x0000000140005330        0x8 ertr000001.o
 *(SORT_BY_NAME(.rdata$*))
 *fill*         0x0000000140005338        0x8 
 .rdata$.refptr._CRT_MT
                0x0000000140005340       0x10 D:/msys64/mingw64/bin/../lib/gcc/x86_64-w64-mingw32/11.2.0/../../../../x86_64-w64-mingw32/lib/../lib/libmingw32.a(lib64_libmingw32_a-tlssup.o)
                0x0000000140005340                .refptr._CRT_MT
 .rdata$.refptr._MINGW_INSTALL_DEBUG_MATHERR
                0x0000000140005350       0x10 D:/msys64/mingw64/bin/../lib/gcc/x86_64-w64-mingw32/11.2.0/../../../../x86_64-w64-mingw32/lib/../lib/crt2.o
                0x0000000140005350                .refptr._MINGW_INSTALL_DEBUG_MATHERR
 .rdata$.refptr._ZSt4cout
                0x0000000140005360       0x10 C:\Users\hp\AppData\Local\Temp\ccby2wma.o
                0x0000000140005360                __fu0__ZSt4cout
                0x0000000140005360                .refptr._ZSt4cout
 .rdata$.refptr._ZSt4endlIcSt11char_traitsIcEERSt13basic_ostreamIT_T0_ES6_
                0x0000000140005370       0x10 C:\Users\hp\AppData\Local\Temp\ccby2wma.o
                0x0000000140005370                .refptr._ZSt4endlIcSt11char_traitsIcEERSt13basic_ostreamIT_T0_ES6_
 .rdata$.refptr.__CTOR_LIST__
                0x0000000140005380       0x10 D:/msys64/mingw64/bin/../lib/gcc/x86_64-w64-mingw32/11.2.0/../../../../x86_64-w64-mingw32/lib/../lib/libmingw32.a(lib64_libmingw32_a-gccmain.o)
                0x0000000140005380                .refptr.__CTOR_LIST__
 .rdata$.refptr.__RUNTIME_PSEUDO_RELOC_LIST_END__
                0x0000000140005390       0x10 D:/msys64/mingw64/bin/../lib/gcc/x86_64-w64-mingw32/11.2.0/../../../../x86_64-w64-mingw32/lib/../lib/libmingw32.a(lib64_libmingw32_a-pseudo-reloc.o)
                0x0000000140005390                .refptr.__RUNTIME_PSEUDO_RELOC_LIST_END__
 .rdata$.refptr.__RUNTIME_PSEUDO_RELOC_LIST__
                0x00000001400053a0       0x10 D:/msys64/mingw64/bin/../lib/gcc/x86_64-w64-mingw32/11.2.0/../../../../x86_64-w64-mingw32/lib/../lib/libmingw32.a(lib64_libmingw32_a-pseudo-reloc.o)
                0x00000001400053a0                .refptr.__RUNTIME_PSEUDO_RELOC_LIST__
 .rdata$.refptr.__dyn_tls_init_callback
                0x00000001400053b0       0x10 D:/msys64/mingw64/bin/../lib/gcc/x86_64-w64-mingw32/11.2.0/../../../../x86_64-w64-mingw32/lib/../lib/crt2.o
                0x00000001400053b0                .refptr.__dyn_tls_init_callback
 .rdata$.refptr.__image_base__
                0x00000001400053c0       0x10 D:/msys64/mingw64/bin/../lib/gcc/x86_64-w64-mingw32/11.2.0/../../../../x86_64-w64-mingw32/lib/../lib/crt2.o
                0x00000001400053c0                .refptr.__image_base__
 .rdata$.refptr.__imp___initenv
                0x00000001400053d0       0x10 D:/msys64/mingw64/bin/../lib/gcc/x86_64-w64-mingw32/11.2.0/../../../../x86_64-w64-mingw32/lib/../lib/crt2.o
                0x00000001400053d0                .refptr.__imp___initenv
 .rdata$.refptr.__imp__acmdln
                0x00000001400053e0       0x10 D:/msys64/mingw64/bin/../lib/gcc/x86_64-w64-mingw32/11.2.0/../../../../x86_64-w64-mingw32/lib/../lib/libmsvcrt.a(lib64_libmsvcrt_extra_a-__p__acmdln.o)
                0x00000001400053e0                .refptr.__imp__acmdln
 .rdata$.refptr.__imp__commode
                0x00000001400053f0       0x10 D:/msys64/mingw64/bin/../lib/gcc/x86_64-w64-mingw32/11.2.0/../../../../x86_64-w64-mingw32/lib/../lib/libmsvcrt.a(lib64_libmsvcrt_extra_a-__p__commode.o)
                0x00000001400053f0                .refptr.__imp__commode
 .rdata$.refptr.__imp__fmode
                0x0000000140005400       0x10 D:/msys64/mingw64/bin/../lib/gcc/x86_64-w64-mingw32/11.2.0/../../../../x86_64-w64-mingw32/lib/../lib/libmsvcrt.a(lib64_libmsvcrt_extra_a-__p__fmode.o)
                0x0000000140005400                .refptr.__imp__fmode
 .rdata$.refptr.__mingw_app_type
                0x0000000140005410       0x10 D:/msys64/mingw64/bin/../lib/gcc/x86_64-w64-mingw32/11.2.0/../../../../x86_64-w64-mingw32/lib/../lib/crt2.o
                0x0000000140005410                .refptr.__mingw_app_type
 .rdata$.refptr.__mingw_initltsdrot_force
                0x0000000140005420       0x10 D:/msys64/mingw64/bin/../lib/gcc/x86_64-w64-mingw32/11.2.0/../../../../x86_64-w64-mingw32/lib/../lib/crt2.o
                0x0000000140005420                .refptr.__mingw_initltsdrot_force
 .rdata$.refptr.__mingw_initltsdyn_force
                0x0000000140005430       0x10 D:/msys64/mingw64/bin/../lib/gcc/x86_64-w64-mingw32/11.2.0/../../../../x86_64-w64-mingw32/lib/../lib/crt2.o
                0x0000000140005430                .refptr.__mingw_initltsdyn_force
 .rdata$.refptr.__mingw_initltssuo_force
                0x0000000140005440       0x10 D:/msys64/mingw64/bin/../lib/gcc/x86_64-w64-mingw32/11.2.0/../../../../x86_64-w64-mingw32/lib/../lib/crt2.o
                0x0000000140005440                .refptr.__mingw_initltssuo_force
 .rdata$.refptr.__mingw_oldexcpt_handler
                0x0000000140005450       0x10 D:/msys64/mingw64/bin/../lib/gcc/x86_64-w64-mingw32/11.2.0/../../../../x86_64-w64-mingw32/lib/../lib/crt2.o
                0x0000000140005450                .refptr.__mingw_oldexcpt_handler
 .rdata$.refptr.__native_startup_lock
                0x0000000140005460       0x10 D:/msys64/mingw64/bin/../lib/gcc/x86_64-w64-mingw32/11.2.0/../../../../x86_64-w64-mingw32/lib/../lib/crt2.o
                0x0000000140005460                .refptr.__native_startup_lock
 .rdata$.refptr.__native_startup_state
                0x0000000140005470       0x10 D:/msys64/mingw64/bin/../lib/gcc/x86_64-w64-mingw32/11.2.0/../../../../x86_64-w64-mingw32/lib/../lib/crt2.o
                0x0000000140005470                .refptr.__native_startup_state
 .rdata$.refptr.__xc_a
                0x0000000140005480       0x10 D:/msys64/mingw64/bin/../lib/gcc/x86_64-w64-mingw32/11.2.0/../../../../x86_64-w64-mingw32/lib/../lib/crt2.o
                0x0000000140005480                .refptr.__xc_a
 .rdata$.refptr.__xc_z
                0x0000000140005490       0x10 D:/msys64/mingw64/bin/../lib/gcc/x86_64-w64-mingw32/11.2.0/../../../../x86_64-w64-mingw32/lib/../lib/crt2.o
                0x0000000140005490                .refptr.__xc_z
 .rdata$.refptr.__xi_a
                0x00000001400054a0       0x10 D:/msys64/mingw64/bin/../lib/gcc/x86_64-w64-mingw32/11.2.0/../../../../x86_64-w64-mingw32/lib/../lib/crt2.o
                0x00000001400054a0                .refptr.__xi_a
 .rdata$.refptr.__xi_z
                0x00000001400054b0       0x10 D:/msys64/mingw64/bin/../lib/gcc/x86_64-w64-mingw32/11.2.0/../../../../x86_64-w64-mingw32/lib/../lib/crt2.o
                0x00000001400054b0                .refptr.__xi_z
 .rdata$.refptr._commode
                0x00000001400054c0       0x10 D:/msys64/mingw64/bin/../lib/gcc/x86_64-w64-mingw32/11.2.0/../../../../x86_64-w64-mingw32/lib/../lib/crt2.o
                0x00000001400054c0                .refptr._commode
 .rdata$.refptr._dowildcard
                0x00000001400054d0       0x10 D:/msys64/mingw64/bin/../lib/gcc/x86_64-w64-mingw32/11.2.0/../../../../x86_64-w64-mingw32/lib/../lib/crt2.o
                0x00000001400054d0                .refptr._dowildcard
 .rdata$.refptr._fmode
                0x00000001400054e0       0x10 D:/msys64/mingw64/bin/../lib/gcc/x86_64-w64-mingw32/11.2.0/../../../../x86_64-w64-mingw32/lib/../lib/crt2.o
                0x00000001400054e0                .refptr._fmode
 .rdata$.refptr._gnu_exception_handler
                0x00000001400054f0       0x10 D:/msys64/mingw64/bin/../lib/gcc/x86_64-w64-mingw32/11.2.0/../../../../x86_64-w64-mingw32/lib/../lib/crt2.o
                0x00000001400054f0                .refptr._gnu_exception_handler
 .rdata$.refptr._matherr
                0x0000000140005500       0x10 D:/msys64/mingw64/bin/../lib/gcc/x86_64-w64-mingw32/11.2.0/../../../../x86_64-w64-mingw32/lib/../lib/crt2.o
                0x0000000140005500                .refptr._matherr
 .rdata$.refptr._newmode
                0x0000000140005510       0x10 D:/msys64/mingw64/bin/../lib/gcc/x86_64-w64-mingw32/11.2.0/../../../../x86_64-w64-mingw32/lib/../lib/crt2.o
                0x0000000140005510                .refptr._newmode
 .rdata$zzz     0x0000000140005520       0x30 D:/msys64/mingw64/bin/../lib/gcc/x86_64-w64-mingw32/11.2.0/../../../../x86_64-w64-mingw32/lib/../lib/crt2.o
 .rdata$zzz     0x0000000140005550       0x30 D:/msys64/mingw64/bin/../lib/gcc/x86_64-w64-mingw32/11.2.0/crtbegin.o
 .rdata$zzz     0x0000000140005580       0x30 C:\Users\hp\AppData\Local\Temp\ccby2wma.o
 .rdata$zzz     0x00000001400055b0       0x30 D:/msys64/mingw64/bin/../lib/gcc/x86_64-w64-mingw32/11.2.0/../../../../x86_64-w64-mingw32/lib/../lib/libmingw32.a(lib64_libmingw32_a-gccmain.o)
 .rdata$zzz     0x00000001400055e0       0x30 D:/msys64/mingw64/bin/../lib/gcc/x86_64-w64-mingw32/11.2.0/../../../../x86_64-w64-mingw32/lib/../lib/libmingw32.a(lib64_libmingw32_a-natstart.o)
 .rdata$zzz     0x0000000140005610       0x30 D:/msys64/mingw64/bin/../lib/gcc/x86_64-w64-mingw32/11.2.0/../../../../x86_64-w64-mingw32/lib/../lib/libmingw32.a(lib64_libmingw32_a-wildcard.o)
 .rdata$zzz     0x0000000140005640       0x30 D:/msys64/mingw64/bin/../lib/gcc/x86_64-w64-mingw32/11.2.0/../../../../x86_64-w64-mingw32/lib/../lib/libmingw32.a(lib64_libmingw32_a-dllargv.o)
 .rdata$zzz     0x0000000140005670       0x30 D:/msys64/mingw64/bin/../lib/gcc/x86_64-w64-mingw32/11.2.0/../../../../x86_64-w64-mingw32/lib/../lib/libmingw32.a(lib64_libmingw32_a-_newmode.o)
 .rdata$zzz     0x00000001400056a0       0x30 D:/msys64/mingw64/bin/../lib/gcc/x86_64-w64-mingw32/11.2.0/../../../../x86_64-w64-mingw32/lib/../lib/libmingw32.a(lib64_libmingw32_a-tlssup.o)
 .rdata$zzz     0x00000001400056d0       0x30 D:/msys64/mingw64/bin/../lib/gcc/x86_64-w64-mingw32/11.2.0/../../../../x86_64-w64-mingw32/lib/../lib/libmingw32.a(lib64_libmingw32_a-xncommod.o)
 .rdata$zzz     0x0000000140005700       0x30 D:/msys64/mingw64/bin/../lib/gcc/x86_64-w64-mingw32/11.2.0/../../../../x86_64-w64-mingw32/lib/../lib/libmingw32.a(lib64_libmingw32_a-cinitexe.o)
 .rdata$zzz     0x0000000140005730       0x30 D:/msys64/mingw64/bin/../lib/gcc/x86_64-w64-mingw32/11.2.0/../../../../x86_64-w64-mingw32/lib/../lib/libmingw32.a(lib64_libmingw32_a-merr.o)
 .rdata$zzz     0x0000000140005760       0x30 D:/msys64/mingw64/bin/../lib/gcc/x86_64-w64-mingw32/11.2.0/../../../../x86_64-w64-mingw32/lib/../lib/libmingw32.a(lib64_libmingw32_a-CRT_fp10.o)
 .rdata$zzz     0x0000000140005790       0x30 D:/msys64/mingw64/bin/../lib/gcc/x86_64-w64-mingw32/11.2.0/../../../../x86_64-w64-mingw32/lib/../lib/libmingw32.a(lib64_libmingw32_a-mingw_helpers.o)
 .rdata$zzz     0x00000001400057c0       0x30 D:/msys64/mingw64/bin/../lib/gcc/x86_64-w64-mingw32/11.2.0/../../../../x86_64-w64-mingw32/lib/../lib/libmingw32.a(lib64_libmingw32_a-pseudo-reloc.o)
 .rdata$zzz     0x00000001400057f0       0x30 D:/msys64/mingw64/bin/../lib/gcc/x86_64-w64-mingw32/11.2.0/../../../../x86_64-w64-mingw32/lib/../lib/libmingw32.a(lib64_libmingw32_a-usermatherr.o)
 .rdata$zzz     0x0000000140005820       0x30 D:/msys64/mingw64/bin/../lib/gcc/x86_64-w64-mingw32/11.2.0/../../../../x86_64-w64-mingw32/lib/../lib/libmingw32.a(lib64_libmingw32_a-xtxtmode.o)
 .rdata$zzz     0x0000000140005850       0x30 D:/msys64/mingw64/bin/../lib/gcc/x86_64-w64-mingw32/11.2.0/../../../../x86_64-w64-mingw32/lib/../lib/libmingw32.a(lib64_libmingw32_a-crt_handler.o)
 .rdata$zzz     0x0000000140005880       0x30 D:/msys64/mingw64/bin/../lib/gcc/x86_64-w64-mingw32/11.2.0/../../../../x86_64-w64-mingw32/lib/../lib/libmingw32.a(lib64_libmingw32_a-tlsthrd.o)
 .rdata$zzz     0x00000001400058b0       0x30 D:/msys64/mingw64/bin/../lib/gcc/x86_64-w64-mingw32/11.2.0/../../../../x86_64-w64-mingw32/lib/../lib/libmingw32.a(lib64_libmingw32_a-tlsmcrt.o)
 .rdata$zzz     0x00000001400058e0       0x30 D:/msys64/mingw64/bin/../lib/gcc/x86_64-w64-mingw32/11.2.0/../../../../x86_64-w64-mingw32/lib/../lib/libmingw32.a(lib64_libmingw32_a-pseudo-reloc-list.o)
 .rdata$zzz     0x0000000140005910       0x30 D:/msys64/mingw64/bin/../lib/gcc/x86_64-w64-mingw32/11.2.0/../../../../x86_64-w64-mingw32/lib/../lib/libmingw32.a(lib64_libmingw32_a-pesect.o)
 .rdata$zzz     0x0000000140005940       0x30 D:/msys64/mingw64/bin/../lib/gcc/x86_64-w64-mingw32/11.2.0/libgcc.a(_ctors.o)
 .rdata$zzz     0x0000000140005970       0x30 D:/msys64/mingw64/bin/../lib/gcc/x86_64-w64-mingw32/11.2.0/../../../../x86_64-w64-mingw32/lib/../lib/libmingwex.a(lib64_libmingwex_a-mingw_matherr.o)
 .rdata$zzz     0x00000001400059a0       0x30 D:/msys64/mingw64/bin/../lib/gcc/x86_64-w64-mingw32/11.2.0/../../../../x86_64-w64-mingw32/lib/../lib/libmsvcrt.a(lib64_libmsvcrt_extra_a-__p__fmode.o)
 .rdata$zzz     0x00000001400059d0       0x30 D:/msys64/mingw64/bin/../lib/gcc/x86_64-w64-mingw32/11.2.0/../../../../x86_64-w64-mingw32/lib/../lib/libmsvcrt.a(lib64_libmsvcrt_extra_a-__p__commode.o)
 .rdata$zzz     0x0000000140005a00       0x30 D:/msys64/mingw64/bin/../lib/gcc/x86_64-w64-mingw32/11.2.0/../../../../x86_64-w64-mingw32/lib/../lib/libmsvcrt.a(lib64_libmsvcrt_extra_a-__p__acmdln.o)
 .rdata$zzz     0x0000000140005a30       0x30 D:/msys64/mingw64/bin/../lib/gcc/x86_64-w64-mingw32/11.2.0/../../../../x86_64-w64-mingw32/lib/../lib/libmsvcrt.a(lib64_libmsvcrt_extra_a-invalid_parameter_handler.o)
 .rdata$zzz     0x0000000140005a60       0x30 D:/msys64/mingw64/bin/../lib/gcc/x86_64-w64-mingw32/11.2.0/../../../../x86_64-w64-mingw32/lib/../lib/libmsvcrt.a(lib64_libmsvcrt_common_a-acrt_iob_func.o)
 .rdata$zzz     0x0000000140005a90       0x30 D:/msys64/mingw64/bin/../lib/gcc/x86_64-w64-mingw32/11.2.0/crtend.o
                0x0000000140005ac0                . = ALIGN (0x4)
                0x0000000140005ac0                __rt_psrelocs_start = .
 *(.rdata_runtime_pseudo_reloc)
 .rdata_runtime_pseudo_reloc
                0x0000000140005ac0       0x18 rtr000000.o
                0x0000000140005ad8                __rt_psrelocs_end = .
                0x0000000000000018                __rt_psrelocs_size = (__rt_psrelocs_end - __rt_psrelocs_start)
                0x0000000140005ad8                ___RUNTIME_PSEUDO_RELOC_LIST_END__ = .
                0x0000000140005ad8                __RUNTIME_PSEUDO_RELOC_LIST_END__ = .
                0x0000000140005ac0                ___RUNTIME_PSEUDO_RELOC_LIST__ = (. - __rt_psrelocs_size)
                0x0000000140005ac0                __RUNTIME_PSEUDO_RELOC_LIST__ = (. - __rt_psrelocs_size)

.eh_frame
 *(.eh_frame*)

.pdata          0x0000000140006000      0x400
 *(.pdata*)
 .pdata         0x0000000140006000       0x54 D:/msys64/mingw64/bin/../lib/gcc/x86_64-w64-mingw32/11.2.0/../../../../x86_64-w64-mingw32/lib/../lib/crt2.o
 .pdata         0x0000000140006054       0x18 D:/msys64/mingw64/bin/../lib/gcc/x86_64-w64-mingw32/11.2.0/crtbegin.o
 .pdata         0x000000014000606c       0x30 C:\Users\hp\AppData\Local\Temp\ccby2wma.o
 .pdata$_ZN8RegisterItEC1Ev
                0x000000014000609c        0xc C:\Users\hp\AppData\Local\Temp\ccby2wma.o
 .pdata$_ZN8RegisterItE13setPermissionEh
                0x00000001400060a8        0xc C:\Users\hp\AppData\Local\Temp\ccby2wma.o
 .pdata$_ZN8RegisterItE16setRegisterValueEt
                0x00000001400060b4        0xc C:\Users\hp\AppData\Local\Temp\ccby2wma.o
 .pdata$_ZN8RegisterItE16getRegisterValueEPt
                0x00000001400060c0        0xc C:\Users\hp\AppData\Local\Temp\ccby2wma.o
 .pdata$_ZN8RegisterItE6SetBitEi
                0x00000001400060cc        0xc C:\Users\hp\AppData\Local\Temp\ccby2wma.o
 .pdata$_ZN8RegisterItE6GetBitEPth
                0x00000001400060d8        0xc C:\Users\hp\AppData\Local\Temp\ccby2wma.o
 .pdata$_ZN8RegisterItE8ClearBitEi
                0x00000001400060e4        0xc C:\Users\hp\AppData\Local\Temp\ccby2wma.o
 .pdata$_ZN8RegisterItE13setPermissionEhh
                0x00000001400060f0        0xc C:\Users\hp\AppData\Local\Temp\ccby2wma.o
 .pdata         0x00000001400060fc       0x24 D:/msys64/mingw64/bin/../lib/gcc/x86_64-w64-mingw32/11.2.0/../../../../x86_64-w64-mingw32/lib/../lib/libmingw32.a(lib64_libmingw32_a-gccmain.o)
 .pdata         0x0000000140006120        0xc D:/msys64/mingw64/bin/../lib/gcc/x86_64-w64-mingw32/11.2.0/../../../../x86_64-w64-mingw32/lib/../lib/libmingw32.a(lib64_libmingw32_a-dllargv.o)
 .pdata         0x000000014000612c       0x24 D:/msys64/mingw64/bin/../lib/gcc/x86_64-w64-mingw32/11.2.0/../../../../x86_64-w64-mingw32/lib/../lib/libmingw32.a(lib64_libmingw32_a-tlssup.o)
 .pdata         0x0000000140006150        0xc D:/msys64/mingw64/bin/../lib/gcc/x86_64-w64-mingw32/11.2.0/../../../../x86_64-w64-mingw32/lib/../lib/libmingw32.a(lib64_libmingw32_a-merr.o)
 .pdata         0x000000014000615c        0xc D:/msys64/mingw64/bin/../lib/gcc/x86_64-w64-mingw32/11.2.0/../../../../x86_64-w64-mingw32/lib/../lib/libmingw32.a(lib64_libmingw32_a-CRT_fp10.o)
 .pdata         0x0000000140006168       0x24 D:/msys64/mingw64/bin/../lib/gcc/x86_64-w64-mingw32/11.2.0/../../../../x86_64-w64-mingw32/lib/../lib/libmingw32.a(lib64_libmingw32_a-pseudo-reloc.o)
 .pdata         0x000000014000618c       0x18 D:/msys64/mingw64/bin/../lib/gcc/x86_64-w64-mingw32/11.2.0/../../../../x86_64-w64-mingw32/lib/../lib/libmingw32.a(lib64_libmingw32_a-usermatherr.o)
 .pdata         0x00000001400061a4        0xc D:/msys64/mingw64/bin/../lib/gcc/x86_64-w64-mingw32/11.2.0/../../../../x86_64-w64-mingw32/lib/../lib/libmingw32.a(lib64_libmingw32_a-crt_handler.o)
 .pdata         0x00000001400061b0       0x30 D:/msys64/mingw64/bin/../lib/gcc/x86_64-w64-mingw32/11.2.0/../../../../x86_64-w64-mingw32/lib/../lib/libmingw32.a(lib64_libmingw32_a-tlsthrd.o)
 .pdata         0x00000001400061e0       0x6c D:/msys64/mingw64/bin/../lib/gcc/x86_64-w64-mingw32/11.2.0/../../../../x86_64-w64-mingw32/lib/../lib/libmingw32.a(lib64_libmingw32_a-pesect.o)
 .pdata         0x000000014000624c        0xc D:/msys64/mingw64/bin/../lib/gcc/x86_64-w64-mingw32/11.2.0/../../../../x86_64-w64-mingw32/lib/../lib/libmsvcrt.a(lib64_libmsvcrt_extra_a-__p__fmode.o)
 .pdata         0x0000000140006258        0xc D:/msys64/mingw64/bin/../lib/gcc/x86_64-w64-mingw32/11.2.0/../../../../x86_64-w64-mingw32/lib/../lib/libmsvcrt.a(lib64_libmsvcrt_extra_a-__p__commode.o)
 .pdata         0x0000000140006264        0xc D:/msys64/mingw64/bin/../lib/gcc/x86_64-w64-mingw32/11.2.0/../../../../x86_64-w64-mingw32/lib/../lib/libmsvcrt.a(lib64_libmsvcrt_extra_a-__p__acmdln.o)
 .pdata         0x0000000140006270       0x18 D:/msys64/mingw64/bin/../lib/gcc/x86_64-w64-mingw32/11.2.0/../../../../x86_64-w64-mingw32/lib/../lib/libmsvcrt.a(lib64_libmsvcrt_extra_a-invalid_parameter_handler.o)
 .pdata         0x0000000140006288        0xc D:/msys64/mingw64/bin/../lib/gcc/x86_64-w64-mingw32/11.2.0/../../../../x86_64-w64-mingw32/lib/../lib/libmsvcrt.a(lib64_libmsvcrt_common_a-acrt_iob_func.o)
 .pdata.startup
                0x0000000140006294        0xc D:/msys64/mingw64/bin/../lib/gcc/x86_64-w64-mingw32/11.2.0/crtend.o

.xdata          0x0000000140007000      0x200
 *(.xdata*)
 .xdata         0x0000000140007000       0x70 D:/msys64/mingw64/bin/../lib/gcc/x86_64-w64-mingw32/11.2.0/../../../../x86_64-w64-mingw32/lib/../lib/crt2.o
 .xdata         0x0000000140007070        0x8 D:/msys64/mingw64/bin/../lib/gcc/x86_64-w64-mingw32/11.2.0/crtbegin.o
 .xdata         0x0000000140007078       0x30 C:\Users\hp\AppData\Local\Temp\ccby2wma.o
 .xdata$_ZN8RegisterItEC1Ev
                0x00000001400070a8        0x8 C:\Users\hp\AppData\Local\Temp\ccby2wma.o
 .xdata$_ZN8RegisterItE13setPermissionEh
                0x00000001400070b0        0x8 C:\Users\hp\AppData\Local\Temp\ccby2wma.o
 .xdata$_ZN8RegisterItE16setRegisterValueEt
                0x00000001400070b8        0x8 C:\Users\hp\AppData\Local\Temp\ccby2wma.o
 .xdata$_ZN8RegisterItE16getRegisterValueEPt
                0x00000001400070c0        0x8 C:\Users\hp\AppData\Local\Temp\ccby2wma.o
 .xdata$_ZN8RegisterItE6SetBitEi
                0x00000001400070c8        0x8 C:\Users\hp\AppData\Local\Temp\ccby2wma.o
 .xdata$_ZN8RegisterItE6GetBitEPth
                0x00000001400070d0        0x8 C:\Users\hp\AppData\Local\Temp\ccby2wma.o
 .xdata$_ZN8RegisterItE8ClearBitEi
                0x00000001400070d8        0x8 C:\Users\hp\AppData\Local\Temp\ccby2wma.o
 .xdata$_ZN8RegisterItE13setPermissionEhh
                0x00000001400070e0        0x8 C:\Users\hp\AppData\Local\Temp\ccby2wma.o
 .xdata         0x00000001400070e8       0x18 D:/msys64/mingw64/bin/../lib/gcc/x86_64-w64-mingw32/11.2.0/../../../../x86_64-w64-mingw32/lib/../lib/libmingw32.a(lib64_libmingw32_a-gccmain.o)
 .xdata         0x0000000140007100        0x4 D:/msys64/mingw64/bin/../lib/gcc/x86_64-w64-mingw32/11.2.0/../../../../x86_64-w64-mingw32/lib/../lib/libmingw32.a(lib64_libmingw32_a-dllargv.o)
 .xdata         0x0000000140007104       0x18 D:/msys64/mingw64/bin/../lib/gcc/x86_64-w64-mingw32/11.2.0/../../../../x86_64-w64-mingw32/lib/../lib/libmingw32.a(lib64_libmingw32_a-tlssup.o)
 .xdata         0x000000014000711c       0x18 D:/msys64/mingw64/bin/../lib/gcc/x86_64-w64-mingw32/11.2.0/../../../../x86_64-w64-mingw32/lib/../lib/libmingw32.a(lib64_libmingw32_a-merr.o)
 .xdata         0x0000000140007134        0x4 D:/msys64/mingw64/bin/../lib/gcc/x86_64-w64-mingw32/11.2.0/../../../../x86_64-w64-mingw32/lib/../lib/libmingw32.a(lib64_libmingw32_a-CRT_fp10.o)
 .xdata         0x0000000140007138       0x30 D:/msys64/mingw64/bin/../lib/gcc/x86_64-w64-mingw32/11.2.0/../../../../x86_64-w64-mingw32/lib/../lib/libmingw32.a(lib64_libmingw32_a-pseudo-reloc.o)
 .xdata         0x0000000140007168        0xc D:/msys64/mingw64/bin/../lib/gcc/x86_64-w64-mingw32/11.2.0/../../../../x86_64-w64-mingw32/lib/../lib/libmingw32.a(lib64_libmingw32_a-usermatherr.o)
 .xdata         0x0000000140007174        0x8 D:/msys64/mingw64/bin/../lib/gcc/x86_64-w64-mingw32/11.2.0/../../../../x86_64-w64-mingw32/lib/../lib/libmingw32.a(lib64_libmingw32_a-crt_handler.o)
 .xdata         0x000000014000717c       0x34 D:/msys64/mingw64/bin/../lib/gcc/x86_64-w64-mingw32/11.2.0/../../../../x86_64-w64-mingw32/lib/../lib/libmingw32.a(lib64_libmingw32_a-tlsthrd.o)
 .xdata         0x00000001400071b0       0x2c D:/msys64/mingw64/bin/../lib/gcc/x86_64-w64-mingw32/11.2.0/../../../../x86_64-w64-mingw32/lib/../lib/libmingw32.a(lib64_libmingw32_a-pesect.o)
 .xdata         0x00000001400071dc        0x4 D:/msys64/mingw64/bin/../lib/gcc/x86_64-w64-mingw32/11.2.0/../../../../x86_64-w64-mingw32/lib/../lib/libmsvcrt.a(lib64_libmsvcrt_extra_a-__p__fmode.o)
 .xdata         0x00000001400071e0        0x4 D:/msys64/mingw64/bin/../lib/gcc/x86_64-w64-mingw32/11.2.0/../../../../x86_64-w64-mingw32/lib/../lib/libmsvcrt.a(lib64_libmsvcrt_extra_a-__p__commode.o)
 .xdata         0x00000001400071e4        0x4 D:/msys64/mingw64/bin/../lib/gcc/x86_64-w64-mingw32/11.2.0/../../../../x86_64-w64-mingw32/lib/../lib/libmsvcrt.a(lib64_libmsvcrt_extra_a-__p__acmdln.o)
 .xdata         0x00000001400071e8        0x8 D:/msys64/mingw64/bin/../lib/gcc/x86_64-w64-mingw32/11.2.0/../../../../x86_64-w64-mingw32/lib/../lib/libmsvcrt.a(lib64_libmsvcrt_extra_a-invalid_parameter_handler.o)
 .xdata         0x00000001400071f0        0x8 D:/msys64/mingw64/bin/../lib/gcc/x86_64-w64-mingw32/11.2.0/../../../../x86_64-w64-mingw32/lib/../lib/libmsvcrt.a(lib64_libmsvcrt_common_a-acrt_iob_func.o)
 .xdata.startup
                0x00000001400071f8        0x4 D:/msys64/mingw64/bin/../lib/gcc/x86_64-w64-mingw32/11.2.0/crtend.o

.bss            0x0000000140008000      0x1a0
                0x0000000140008000                __bss_start__ = .
 *(.bss)
 .bss           0x0000000140008000       0x40 D:/msys64/mingw64/bin/../lib/gcc/x86_64-w64-mingw32/11.2.0/../../../../x86_64-w64-mingw32/lib/../lib/crt2.o
                0x0000000140008000                __mingw_module_is_dll
                0x0000000140008008                __mingw_winmain_lpCmdLine
                0x0000000140008010                __mingw_winmain_hInstance
 .bss           0x0000000140008040        0x0 D:/msys64/mingw64/bin/../lib/gcc/x86_64-w64-mingw32/11.2.0/crtbegin.o
 .bss           0x0000000140008040       0x10 C:\Users\hp\AppData\Local\Temp\ccby2wma.o
 .bss           0x0000000140008050       0x10 D:/msys64/mingw64/bin/../lib/gcc/x86_64-w64-mingw32/11.2.0/../../../../x86_64-w64-mingw32/lib/../lib/libmingw32.a(lib64_libmingw32_a-gccmain.o)
 .bss           0x0000000140008060       0x10 D:/msys64/mingw64/bin/../lib/gcc/x86_64-w64-mingw32/11.2.0/../../../../x86_64-w64-mingw32/lib/../lib/libmingw32.a(lib64_libmingw32_a-natstart.o)
                0x0000000140008060                __native_startup_lock
                0x0000000140008068                __native_startup_state
 .bss           0x0000000140008070        0x0 D:/msys64/mingw64/bin/../lib/gcc/x86_64-w64-mingw32/11.2.0/../../../../x86_64-w64-mingw32/lib/../lib/libmingw32.a(lib64_libmingw32_a-wildcard.o)
 .bss           0x0000000140008070        0x0 D:/msys64/mingw64/bin/../lib/gcc/x86_64-w64-mingw32/11.2.0/../../../../x86_64-w64-mingw32/lib/../lib/libmingw32.a(lib64_libmingw32_a-dllargv.o)
 .bss           0x0000000140008070       0x10 D:/msys64/mingw64/bin/../lib/gcc/x86_64-w64-mingw32/11.2.0/../../../../x86_64-w64-mingw32/lib/../lib/libmingw32.a(lib64_libmingw32_a-_newmode.o)
                0x0000000140008070                _newmode
 .bss           0x0000000140008080       0x10 D:/msys64/mingw64/bin/../lib/gcc/x86_64-w64-mingw32/11.2.0/../../../../x86_64-w64-mingw32/lib/../lib/libmingw32.a(lib64_libmingw32_a-tlssup.o)
                0x0000000140008080                __mingw_initltssuo_force
                0x0000000140008084                __mingw_initltsdyn_force
                0x0000000140008088                __mingw_initltsdrot_force
                0x000000014000808c                _tls_index
 .bss           0x0000000140008090       0x10 D:/msys64/mingw64/bin/../lib/gcc/x86_64-w64-mingw32/11.2.0/../../../../x86_64-w64-mingw32/lib/../lib/libmingw32.a(lib64_libmingw32_a-xncommod.o)
                0x0000000140008090                _commode
 .bss           0x00000001400080a0        0x0 D:/msys64/mingw64/bin/../lib/gcc/x86_64-w64-mingw32/11.2.0/../../../../x86_64-w64-mingw32/lib/../lib/libmingw32.a(lib64_libmingw32_a-cinitexe.o)
 .bss           0x00000001400080a0        0x0 D:/msys64/mingw64/bin/../lib/gcc/x86_64-w64-mingw32/11.2.0/../../../../x86_64-w64-mingw32/lib/../lib/libmingw32.a(lib64_libmingw32_a-merr.o)
 .bss           0x00000001400080a0        0x0 D:/msys64/mingw64/bin/../lib/gcc/x86_64-w64-mingw32/11.2.0/../../../../x86_64-w64-mingw32/lib/../lib/libmingw32.a(lib64_libmingw32_a-CRT_fp10.o)
 .bss           0x00000001400080a0       0x10 D:/msys64/mingw64/bin/../lib/gcc/x86_64-w64-mingw32/11.2.0/../../../../x86_64-w64-mingw32/lib/../lib/libmingw32.a(lib64_libmingw32_a-mingw_helpers.o)
                0x00000001400080a0                __mingw_app_type
 .bss           0x00000001400080b0       0x10 D:/msys64/mingw64/bin/../lib/gcc/x86_64-w64-mingw32/11.2.0/../../../../x86_64-w64-mingw32/lib/../lib/libmingw32.a(lib64_libmingw32_a-pseudo-reloc.o)
 .bss           0x00000001400080c0       0x10 D:/msys64/mingw64/bin/../lib/gcc/x86_64-w64-mingw32/11.2.0/../../../../x86_64-w64-mingw32/lib/../lib/libmingw32.a(lib64_libmingw32_a-usermatherr.o)
 .bss           0x00000001400080d0       0x10 D:/msys64/mingw64/bin/../lib/gcc/x86_64-w64-mingw32/11.2.0/../../../../x86_64-w64-mingw32/lib/../lib/libmingw32.a(lib64_libmingw32_a-xtxtmode.o)
                0x00000001400080d0                _fmode
 .bss           0x00000001400080e0       0x10 D:/msys64/mingw64/bin/../lib/gcc/x86_64-w64-mingw32/11.2.0/../../../../x86_64-w64-mingw32/lib/../lib/libmingw32.a(lib64_libmingw32_a-crt_handler.o)
                0x00000001400080e0                __mingw_oldexcpt_handler
 *fill*         0x00000001400080f0       0x10 
 .bss           0x0000000140008100       0x60 D:/msys64/mingw64/bin/../lib/gcc/x86_64-w64-mingw32/11.2.0/../../../../x86_64-w64-mingw32/lib/../lib/libmingw32.a(lib64_libmingw32_a-tlsthrd.o)
 .bss           0x0000000140008160        0x0 D:/msys64/mingw64/bin/../lib/gcc/x86_64-w64-mingw32/11.2.0/../../../../x86_64-w64-mingw32/lib/../lib/libmingw32.a(lib64_libmingw32_a-tlsmcrt.o)
 .bss           0x0000000140008160       0x10 D:/msys64/mingw64/bin/../lib/gcc/x86_64-w64-mingw32/11.2.0/../../../../x86_64-w64-mingw32/lib/../lib/libmingw32.a(lib64_libmingw32_a-pseudo-reloc-list.o)
 .bss           0x0000000140008170        0x0 D:/msys64/mingw64/bin/../lib/gcc/x86_64-w64-mingw32/11.2.0/../../../../x86_64-w64-mingw32/lib/../lib/libmingw32.a(lib64_libmingw32_a-pesect.o)
 .bss           0x0000000140008170        0x0 D:/msys64/mingw64/bin/../lib/gcc/x86_64-w64-mingw32/11.2.0/libgcc.a(_chkstk_ms.o)
 .bss           0x0000000140008170       0x20 D:/msys64/mingw64/bin/../lib/gcc/x86_64-w64-mingw32/11.2.0/libgcc.a(_ctors.o)
 .bss           0x0000000140008190        0x0 D:/msys64/mingw64/bin/../lib/gcc/x86_64-w64-mingw32/11.2.0/../../../../x86_64-w64-mingw32/lib/../lib/libmingwex.a(lib64_libmingwex_a-mingw_matherr.o)
 .bss           0x0000000140008190        0x0 D:/msys64/mingw64/bin/../lib/gcc/x86_64-w64-mingw32/11.2.0/../../../../x86_64-w64-mingw32/lib/../lib/libmsvcrt.a(lib64_libmsvcrt_extra_a-__p__fmode.o)
 .bss           0x0000000140008190        0x0 D:/msys64/mingw64/bin/../lib/gcc/x86_64-w64-mingw32/11.2.0/../../../../x86_64-w64-mingw32/lib/../lib/libmsvcrt.a(lib64_libmsvcrt_extra_a-__p__commode.o)
 .bss           0x0000000140008190        0x0 D:/msys64/mingw64/bin/../lib/gcc/x86_64-w64-mingw32/11.2.0/../../../../x86_64-w64-mingw32/lib/../lib/libmsvcrt.a(lib64_libmsvcrt_extra_a-__p__acmdln.o)
 .bss           0x0000000140008190       0x10 D:/msys64/mingw64/bin/../lib/gcc/x86_64-w64-mingw32/11.2.0/../../../../x86_64-w64-mingw32/lib/../lib/libmsvcrt.a(lib64_libmsvcrt_extra_a-invalid_parameter_handler.o)
 .bss           0x00000001400081a0        0x0 D:/msys64/mingw64/bin/../lib/gcc/x86_64-w64-mingw32/11.2.0/../../../../x86_64-w64-mingw32/lib/../lib/libmsvcrt.a(lib64_libmsvcrt_common_a-acrt_iob_func.o)
 .bss           0x00000001400081a0        0x0 D:/msys64/mingw64/bin/../lib/gcc/x86_64-w64-mingw32/11.2.0/../../../../x86_64-w64-mingw32/lib/../lib/libmsvcrt.a(libmsvcrt_defs00055.o)
 .bss           0x00000001400081a0        0x0 D:/msys64/mingw64/bin/../lib/gcc/x86_64-w64-mingw32/11.2.0/../../../../x86_64-w64-mingw32/lib/../lib/libmsvcrt.a(libmsvcrt_defs00081.o)
 .bss           0x00000001400081a0        0x0 D:/msys64/mingw64/bin/../lib/gcc/x86_64-w64-mingw32/11.2.0/../../../../x86_64-w64-mingw32/lib/../lib/libmsvcrt.a(libmsvcrt_defs00082.o)
 .bss           0x00000001400081a0        0x0 D:/msys64/mingw64/bin/../lib/gcc/x86_64-w64-mingw32/11.2.0/../../../../x86_64-w64-mingw32/lib/../lib/libmsvcrt.a(libmsvcrt_defs00083.o)
 .bss           0x00000001400081a0        0x0 D:/msys64/mingw64/bin/../lib/gcc/x86_64-w64-mingw32/11.2.0/../../../../x86_64-w64-mingw32/lib/../lib/libmsvcrt.a(libmsvcrt_defs00097.o)
 .bss           0x00000001400081a0        0x0 D:/msys64/mingw64/bin/../lib/gcc/x86_64-w64-mingw32/11.2.0/../../../../x86_64-w64-mingw32/lib/../lib/libmsvcrt.a(libmsvcrt_defs00099.o)
 .bss           0x00000001400081a0        0x0 D:/msys64/mingw64/bin/../lib/gcc/x86_64-w64-mingw32/11.2.0/../../../../x86_64-w64-mingw32/lib/../lib/libmsvcrt.a(libmsvcrt_defs00116.o)
 .bss           0x00000001400081a0        0x0 D:/msys64/mingw64/bin/../lib/gcc/x86_64-w64-mingw32/11.2.0/../../../../x86_64-w64-mingw32/lib/../lib/libmsvcrt.a(libmsvcrt_defs00123.o)
 .bss           0x00000001400081a0        0x0 D:/msys64/mingw64/bin/../lib/gcc/x86_64-w64-mingw32/11.2.0/../../../../x86_64-w64-mingw32/lib/../lib/libmsvcrt.a(libmsvcrt_defs00141.o)
 .bss           0x00000001400081a0        0x0 D:/msys64/mingw64/bin/../lib/gcc/x86_64-w64-mingw32/11.2.0/../../../../x86_64-w64-mingw32/lib/../lib/libmsvcrt.a(libmsvcrt_defs00157.o)
 .bss           0x00000001400081a0        0x0 D:/msys64/mingw64/bin/../lib/gcc/x86_64-w64-mingw32/11.2.0/../../../../x86_64-w64-mingw32/lib/../lib/libmsvcrt.a(libmsvcrt_defs00254.o)
 .bss           0x00000001400081a0        0x0 D:/msys64/mingw64/bin/../lib/gcc/x86_64-w64-mingw32/11.2.0/../../../../x86_64-w64-mingw32/lib/../lib/libmsvcrt.a(libmsvcrt_defs00332.o)
 .bss           0x00000001400081a0        0x0 D:/msys64/mingw64/bin/../lib/gcc/x86_64-w64-mingw32/11.2.0/../../../../x86_64-w64-mingw32/lib/../lib/libmsvcrt.a(libmsvcrt_defs00614.o)
 .bss           0x00000001400081a0        0x0 D:/msys64/mingw64/bin/../lib/gcc/x86_64-w64-mingw32/11.2.0/../../../../x86_64-w64-mingw32/lib/../lib/libmsvcrt.a(libmsvcrt_defs01038.o)
 .bss           0x00000001400081a0        0x0 D:/msys64/mingw64/bin/../lib/gcc/x86_64-w64-mingw32/11.2.0/../../../../x86_64-w64-mingw32/lib/../lib/libmsvcrt.a(libmsvcrt_defs01056.o)
 .bss           0x00000001400081a0        0x0 D:/msys64/mingw64/bin/../lib/gcc/x86_64-w64-mingw32/11.2.0/../../../../x86_64-w64-mingw32/lib/../lib/libmsvcrt.a(libmsvcrt_defs01069.o)
 .bss           0x00000001400081a0        0x0 D:/msys64/mingw64/bin/../lib/gcc/x86_64-w64-mingw32/11.2.0/../../../../x86_64-w64-mingw32/lib/../lib/libmsvcrt.a(libmsvcrt_defs01090.o)
 .bss           0x00000001400081a0        0x0 D:/msys64/mingw64/bin/../lib/gcc/x86_64-w64-mingw32/11.2.0/../../../../x86_64-w64-mingw32/lib/../lib/libmsvcrt.a(libmsvcrt_defs01097.o)
 .bss           0x00000001400081a0        0x0 D:/msys64/mingw64/bin/../lib/gcc/x86_64-w64-mingw32/11.2.0/../../../../x86_64-w64-mingw32/lib/../lib/libmsvcrt.a(libmsvcrt_defs01110.o)
 .bss           0x00000001400081a0        0x0 D:/msys64/mingw64/bin/../lib/gcc/x86_64-w64-mingw32/11.2.0/../../../../x86_64-w64-mingw32/lib/../lib/libmsvcrt.a(libmsvcrt_defs01158.o)
 .bss           0x00000001400081a0        0x0 D:/msys64/mingw64/bin/../lib/gcc/x86_64-w64-mingw32/11.2.0/../../../../x86_64-w64-mingw32/lib/../lib/libmsvcrt.a(libmsvcrt_defs01166.o)
 .bss           0x00000001400081a0        0x0 D:/msys64/mingw64/bin/../lib/gcc/x86_64-w64-mingw32/11.2.0/../../../../x86_64-w64-mingw32/lib/../lib/libmsvcrt.a(libmsvcrt_defs01198.o)
 .bss           0x00000001400081a0        0x0 D:/msys64/mingw64/bin/../lib/gcc/x86_64-w64-mingw32/11.2.0/../../../../x86_64-w64-mingw32/lib/../lib/libmsvcrt.a(libmsvcrt_defs01221.o)
 .bss           0x00000001400081a0        0x0 D:/msys64/mingw64/bin/../lib/gcc/x86_64-w64-mingw32/11.2.0/../../../../x86_64-w64-mingw32/lib/../lib/libmsvcrt.a(libmsvcrt_defs01224.o)
 .bss           0x00000001400081a0        0x0 D:/msys64/mingw64/bin/../lib/gcc/x86_64-w64-mingw32/11.2.0/../../../../x86_64-w64-mingw32/lib/../lib/libmsvcrt.a(libmsvcrt_defs01259.o)
 .bss           0x00000001400081a0        0x0 D:/msys64/mingw64/bin/../lib/gcc/x86_64-w64-mingw32/11.2.0/../../../../x86_64-w64-mingw32/lib/../lib/libmsvcrt.a(libmsvcrt_defh.o)
 .bss           0x00000001400081a0        0x0 D:/msys64/mingw64/bin/../lib/gcc/x86_64-w64-mingw32/11.2.0/../../../../x86_64-w64-mingw32/lib/../lib/libmsvcrt.a(libmsvcrt_deft.o)
 .bss           0x00000001400081a0        0x0 D:/msys64/mingw64/bin/../lib/gcc/x86_64-w64-mingw32/11.2.0/../../../../x86_64-w64-mingw32/lib/../lib/libkernel32.a(libkernel32s01493.o)
 .bss           0x00000001400081a0        0x0 D:/msys64/mingw64/bin/../lib/gcc/x86_64-w64-mingw32/11.2.0/../../../../x86_64-w64-mingw32/lib/../lib/libkernel32.a(libkernel32s01491.o)
 .bss           0x00000001400081a0        0x0 D:/msys64/mingw64/bin/../lib/gcc/x86_64-w64-mingw32/11.2.0/../../../../x86_64-w64-mingw32/lib/../lib/libkernel32.a(libkernel32s01444.o)
 .bss           0x00000001400081a0        0x0 D:/msys64/mingw64/bin/../lib/gcc/x86_64-w64-mingw32/11.2.0/../../../../x86_64-w64-mingw32/lib/../lib/libkernel32.a(libkernel32s01409.o)
 .bss           0x00000001400081a0        0x0 D:/msys64/mingw64/bin/../lib/gcc/x86_64-w64-mingw32/11.2.0/../../../../x86_64-w64-mingw32/lib/../lib/libkernel32.a(libkernel32s01393.o)
 .bss           0x00000001400081a0        0x0 D:/msys64/mingw64/bin/../lib/gcc/x86_64-w64-mingw32/11.2.0/../../../../x86_64-w64-mingw32/lib/../lib/libkernel32.a(libkernel32s00983.o)
 .bss           0x00000001400081a0        0x0 D:/msys64/mingw64/bin/../lib/gcc/x86_64-w64-mingw32/11.2.0/../../../../x86_64-w64-mingw32/lib/../lib/libkernel32.a(libkernel32s00891.o)
 .bss           0x00000001400081a0        0x0 D:/msys64/mingw64/bin/../lib/gcc/x86_64-w64-mingw32/11.2.0/../../../../x86_64-w64-mingw32/lib/../lib/libkernel32.a(libkernel32s00742.o)
 .bss           0x00000001400081a0        0x0 D:/msys64/mingw64/bin/../lib/gcc/x86_64-w64-mingw32/11.2.0/../../../../x86_64-w64-mingw32/lib/../lib/libkernel32.a(libkernel32s00629.o)
 .bss           0x00000001400081a0        0x0 D:/msys64/mingw64/bin/../lib/gcc/x86_64-w64-mingw32/11.2.0/../../../../x86_64-w64-mingw32/lib/../lib/libkernel32.a(libkernel32s00318.o)
 .bss           0x00000001400081a0        0x0 D:/msys64/mingw64/bin/../lib/gcc/x86_64-w64-mingw32/11.2.0/../../../../x86_64-w64-mingw32/lib/../lib/libkernel32.a(libkernel32s00282.o)
 .bss           0x00000001400081a0        0x0 D:/msys64/mingw64/bin/../lib/gcc/x86_64-w64-mingw32/11.2.0/../../../../x86_64-w64-mingw32/lib/../lib/libkernel32.a(libkernel32h.o)
 .bss           0x00000001400081a0        0x0 D:/msys64/mingw64/bin/../lib/gcc/x86_64-w64-mingw32/11.2.0/../../../../x86_64-w64-mingw32/lib/../lib/libkernel32.a(libkernel32t.o)
 .bss           0x00000001400081a0        0x0 D:/msys64/mingw64/bin/../lib/gcc/x86_64-w64-mingw32/11.2.0/crtend.o
 *(COMMON)
                0x00000001400081a0                __bss_end__ = .

.edata
 *(.edata)

/DISCARD/
 *(.debug$S)
 *(.debug$T)
 *(.debug$F)
 *(.drectve)
 *(.note.GNU-stack)
 *(.gnu.lto_*)

.idata          0x0000000140009000      0x800
 SORT_BY_NAME(*)(.idata$2)
 .idata$2       0x0000000140009000       0x14 D:/msys64/mingw64/bin/../lib/gcc/x86_64-w64-mingw32/11.2.0/../../../../x86_64-w64-mingw32/lib/../lib/libkernel32.a(libkernel32h.o)
                0x0000000140009000                _head_lib64_libkernel32_a
 .idata$2       0x0000000140009014       0x14 D:/msys64/mingw64/bin/../lib/gcc/x86_64-w64-mingw32/11.2.0/../../../../x86_64-w64-mingw32/lib/../lib/libmsvcrt.a(libmsvcrt_defh.o)
                0x0000000140009014                _head_lib64_libmsvcrt_def_a
 .idata$2       0x0000000140009028       0x14 D:/msys64/mingw64/bin/../lib/gcc/x86_64-w64-mingw32/11.2.0/libstdc++.dll.a(d000000.o)
                0x0000000140009028                _head_libstdc___6_dll
 SORT_BY_NAME(*)(.idata$3)
                0x000000014000903c        0x4 LONG 0x0
                0x0000000140009040        0x4 LONG 0x0
                0x0000000140009044        0x4 LONG 0x0
                0x0000000140009048        0x4 LONG 0x0
                0x000000014000904c        0x4 LONG 0x0
 SORT_BY_NAME(*)(.idata$4)
 .idata$4       0x0000000140009050        0x0 D:/msys64/mingw64/bin/../lib/gcc/x86_64-w64-mingw32/11.2.0/../../../../x86_64-w64-mingw32/lib/../lib/libkernel32.a(libkernel32h.o)
 .idata$4       0x0000000140009050        0x8 D:/msys64/mingw64/bin/../lib/gcc/x86_64-w64-mingw32/11.2.0/../../../../x86_64-w64-mingw32/lib/../lib/libkernel32.a(libkernel32s00282.o)
 .idata$4       0x0000000140009058        0x8 D:/msys64/mingw64/bin/../lib/gcc/x86_64-w64-mingw32/11.2.0/../../../../x86_64-w64-mingw32/lib/../lib/libkernel32.a(libkernel32s00318.o)
 .idata$4       0x0000000140009060        0x8 D:/msys64/mingw64/bin/../lib/gcc/x86_64-w64-mingw32/11.2.0/../../../../x86_64-w64-mingw32/lib/../lib/libkernel32.a(libkernel32s00629.o)
 .idata$4       0x0000000140009068        0x8 D:/msys64/mingw64/bin/../lib/gcc/x86_64-w64-mingw32/11.2.0/../../../../x86_64-w64-mingw32/lib/../lib/libkernel32.a(libkernel32s00742.o)
 .idata$4       0x0000000140009070        0x8 D:/msys64/mingw64/bin/../lib/gcc/x86_64-w64-mingw32/11.2.0/../../../../x86_64-w64-mingw32/lib/../lib/libkernel32.a(libkernel32s00891.o)
 .idata$4       0x0000000140009078        0x8 D:/msys64/mingw64/bin/../lib/gcc/x86_64-w64-mingw32/11.2.0/../../../../x86_64-w64-mingw32/lib/../lib/libkernel32.a(libkernel32s00983.o)
 .idata$4       0x0000000140009080        0x8 D:/msys64/mingw64/bin/../lib/gcc/x86_64-w64-mingw32/11.2.0/../../../../x86_64-w64-mingw32/lib/../lib/libkernel32.a(libkernel32s01393.o)
 .idata$4       0x0000000140009088        0x8 D:/msys64/mingw64/bin/../lib/gcc/x86_64-w64-mingw32/11.2.0/../../../../x86_64-w64-mingw32/lib/../lib/libkernel32.a(libkernel32s01409.o)
 .idata$4       0x0000000140009090        0x8 D:/msys64/mingw64/bin/../lib/gcc/x86_64-w64-mingw32/11.2.0/../../../../x86_64-w64-mingw32/lib/../lib/libkernel32.a(libkernel32s01444.o)
 .idata$4       0x0000000140009098        0x8 D:/msys64/mingw64/bin/../lib/gcc/x86_64-w64-mingw32/11.2.0/../../../../x86_64-w64-mingw32/lib/../lib/libkernel32.a(libkernel32s01491.o)
 .idata$4       0x00000001400090a0        0x8 D:/msys64/mingw64/bin/../lib/gcc/x86_64-w64-mingw32/11.2.0/../../../../x86_64-w64-mingw32/lib/../lib/libkernel32.a(libkernel32s01493.o)
 .idata$4       0x00000001400090a8        0x8 D:/msys64/mingw64/bin/../lib/gcc/x86_64-w64-mingw32/11.2.0/../../../../x86_64-w64-mingw32/lib/../lib/libkernel32.a(libkernel32t.o)
 .idata$4       0x00000001400090b0        0x0 D:/msys64/mingw64/bin/../lib/gcc/x86_64-w64-mingw32/11.2.0/../../../../x86_64-w64-mingw32/lib/../lib/libmsvcrt.a(libmsvcrt_defh.o)
 .idata$4       0x00000001400090b0        0x8 D:/msys64/mingw64/bin/../lib/gcc/x86_64-w64-mingw32/11.2.0/../../../../x86_64-w64-mingw32/lib/../lib/libmsvcrt.a(libmsvcrt_defs00055.o)
 .idata$4       0x00000001400090b8        0x8 D:/msys64/mingw64/bin/../lib/gcc/x86_64-w64-mingw32/11.2.0/../../../../x86_64-w64-mingw32/lib/../lib/libmsvcrt.a(libmsvcrt_defs00081.o)
 .idata$4       0x00000001400090c0        0x8 D:/msys64/mingw64/bin/../lib/gcc/x86_64-w64-mingw32/11.2.0/../../../../x86_64-w64-mingw32/lib/../lib/libmsvcrt.a(libmsvcrt_defs00082.o)
 .idata$4       0x00000001400090c8        0x8 D:/msys64/mingw64/bin/../lib/gcc/x86_64-w64-mingw32/11.2.0/../../../../x86_64-w64-mingw32/lib/../lib/libmsvcrt.a(libmsvcrt_defs00083.o)
 .idata$4       0x00000001400090d0        0x8 D:/msys64/mingw64/bin/../lib/gcc/x86_64-w64-mingw32/11.2.0/../../../../x86_64-w64-mingw32/lib/../lib/libmsvcrt.a(libmsvcrt_defs00097.o)
 .idata$4       0x00000001400090d8        0x8 D:/msys64/mingw64/bin/../lib/gcc/x86_64-w64-mingw32/11.2.0/../../../../x86_64-w64-mingw32/lib/../lib/libmsvcrt.a(libmsvcrt_defs00099.o)
 .idata$4       0x00000001400090e0        0x8 D:/msys64/mingw64/bin/../lib/gcc/x86_64-w64-mingw32/11.2.0/../../../../x86_64-w64-mingw32/lib/../lib/libmsvcrt.a(libmsvcrt_defs00116.o)
 .idata$4       0x00000001400090e8        0x8 D:/msys64/mingw64/bin/../lib/gcc/x86_64-w64-mingw32/11.2.0/../../../../x86_64-w64-mingw32/lib/../lib/libmsvcrt.a(libmsvcrt_defs00123.o)
 .idata$4       0x00000001400090f0        0x8 D:/msys64/mingw64/bin/../lib/gcc/x86_64-w64-mingw32/11.2.0/../../../../x86_64-w64-mingw32/lib/../lib/libmsvcrt.a(libmsvcrt_defs00141.o)
 .idata$4       0x00000001400090f8        0x8 D:/msys64/mingw64/bin/../lib/gcc/x86_64-w64-mingw32/11.2.0/../../../../x86_64-w64-mingw32/lib/../lib/libmsvcrt.a(libmsvcrt_defs00157.o)
 .idata$4       0x0000000140009100        0x8 D:/msys64/mingw64/bin/../lib/gcc/x86_64-w64-mingw32/11.2.0/../../../../x86_64-w64-mingw32/lib/../lib/libmsvcrt.a(libmsvcrt_defs00254.o)
 .idata$4       0x0000000140009108        0x8 D:/msys64/mingw64/bin/../lib/gcc/x86_64-w64-mingw32/11.2.0/../../../../x86_64-w64-mingw32/lib/../lib/libmsvcrt.a(libmsvcrt_defs00332.o)
 .idata$4       0x0000000140009110        0x8 D:/msys64/mingw64/bin/../lib/gcc/x86_64-w64-mingw32/11.2.0/../../../../x86_64-w64-mingw32/lib/../lib/libmsvcrt.a(libmsvcrt_defs00614.o)
 .idata$4       0x0000000140009118        0x8 D:/msys64/mingw64/bin/../lib/gcc/x86_64-w64-mingw32/11.2.0/../../../../x86_64-w64-mingw32/lib/../lib/libmsvcrt.a(libmsvcrt_defs01038.o)
 .idata$4       0x0000000140009120        0x8 D:/msys64/mingw64/bin/../lib/gcc/x86_64-w64-mingw32/11.2.0/../../../../x86_64-w64-mingw32/lib/../lib/libmsvcrt.a(libmsvcrt_defs01056.o)
 .idata$4       0x0000000140009128        0x8 D:/msys64/mingw64/bin/../lib/gcc/x86_64-w64-mingw32/11.2.0/../../../../x86_64-w64-mingw32/lib/../lib/libmsvcrt.a(libmsvcrt_defs01069.o)
 .idata$4       0x0000000140009130        0x8 D:/msys64/mingw64/bin/../lib/gcc/x86_64-w64-mingw32/11.2.0/../../../../x86_64-w64-mingw32/lib/../lib/libmsvcrt.a(libmsvcrt_defs01090.o)
 .idata$4       0x0000000140009138        0x8 D:/msys64/mingw64/bin/../lib/gcc/x86_64-w64-mingw32/11.2.0/../../../../x86_64-w64-mingw32/lib/../lib/libmsvcrt.a(libmsvcrt_defs01097.o)
 .idata$4       0x0000000140009140        0x8 D:/msys64/mingw64/bin/../lib/gcc/x86_64-w64-mingw32/11.2.0/../../../../x86_64-w64-mingw32/lib/../lib/libmsvcrt.a(libmsvcrt_defs01110.o)
 .idata$4       0x0000000140009148        0x8 D:/msys64/mingw64/bin/../lib/gcc/x86_64-w64-mingw32/11.2.0/../../../../x86_64-w64-mingw32/lib/../lib/libmsvcrt.a(libmsvcrt_defs01158.o)
 .idata$4       0x0000000140009150        0x8 D:/msys64/mingw64/bin/../lib/gcc/x86_64-w64-mingw32/11.2.0/../../../../x86_64-w64-mingw32/lib/../lib/libmsvcrt.a(libmsvcrt_defs01166.o)
 .idata$4       0x0000000140009158        0x8 D:/msys64/mingw64/bin/../lib/gcc/x86_64-w64-mingw32/11.2.0/../../../../x86_64-w64-mingw32/lib/../lib/libmsvcrt.a(libmsvcrt_defs01198.o)
 .idata$4       0x0000000140009160        0x8 D:/msys64/mingw64/bin/../lib/gcc/x86_64-w64-mingw32/11.2.0/../../../../x86_64-w64-mingw32/lib/../lib/libmsvcrt.a(libmsvcrt_defs01221.o)
 .idata$4       0x0000000140009168        0x8 D:/msys64/mingw64/bin/../lib/gcc/x86_64-w64-mingw32/11.2.0/../../../../x86_64-w64-mingw32/lib/../lib/libmsvcrt.a(libmsvcrt_defs01224.o)
 .idata$4       0x0000000140009170        0x8 D:/msys64/mingw64/bin/../lib/gcc/x86_64-w64-mingw32/11.2.0/../../../../x86_64-w64-mingw32/lib/../lib/libmsvcrt.a(libmsvcrt_defs01259.o)
 .idata$4       0x0000000140009178        0x8 D:/msys64/mingw64/bin/../lib/gcc/x86_64-w64-mingw32/11.2.0/../../../../x86_64-w64-mingw32/lib/../lib/libmsvcrt.a(libmsvcrt_deft.o)
 .idata$4       0x0000000140009180        0x0 D:/msys64/mingw64/bin/../lib/gcc/x86_64-w64-mingw32/11.2.0/libstdc++.dll.a(d000000.o)
 .idata$4       0x0000000140009180        0x8 D:/msys64/mingw64/bin/../lib/gcc/x86_64-w64-mingw32/11.2.0/libstdc++.dll.a(d001896.o)
 .idata$4       0x0000000140009188        0x8 D:/msys64/mingw64/bin/../lib/gcc/x86_64-w64-mingw32/11.2.0/libstdc++.dll.a(d001910.o)
 .idata$4       0x0000000140009190        0x8 D:/msys64/mingw64/bin/../lib/gcc/x86_64-w64-mingw32/11.2.0/libstdc++.dll.a(d005163.o)
 .idata$4       0x0000000140009198        0x8 D:/msys64/mingw64/bin/../lib/gcc/x86_64-w64-mingw32/11.2.0/libstdc++.dll.a(d005165.o)
 .idata$4       0x00000001400091a0        0x8 D:/msys64/mingw64/bin/../lib/gcc/x86_64-w64-mingw32/11.2.0/libstdc++.dll.a(d005462.o)
 .idata$4       0x00000001400091a8        0x8 D:/msys64/mingw64/bin/../lib/gcc/x86_64-w64-mingw32/11.2.0/libstdc++.dll.a(d005463.o)
 .idata$4       0x00000001400091b0        0x8 D:/msys64/mingw64/bin/../lib/gcc/x86_64-w64-mingw32/11.2.0/libstdc++.dll.a(d006697.o)
                0x00000001400091b8                __IAT_start__ = .
 SORT_BY_NAME(*)(.idata$5)
 .idata$5       0x00000001400091b8        0x0 D:/msys64/mingw64/bin/../lib/gcc/x86_64-w64-mingw32/11.2.0/../../../../x86_64-w64-mingw32/lib/../lib/libkernel32.a(libkernel32h.o)
 .idata$5       0x00000001400091b8        0x8 D:/msys64/mingw64/bin/../lib/gcc/x86_64-w64-mingw32/11.2.0/../../../../x86_64-w64-mingw32/lib/../lib/libkernel32.a(libkernel32s00282.o)
                0x00000001400091b8                __imp_DeleteCriticalSection
 .idata$5       0x00000001400091c0        0x8 D:/msys64/mingw64/bin/../lib/gcc/x86_64-w64-mingw32/11.2.0/../../../../x86_64-w64-mingw32/lib/../lib/libkernel32.a(libkernel32s00318.o)
                0x00000001400091c0                __imp_EnterCriticalSection
 .idata$5       0x00000001400091c8        0x8 D:/msys64/mingw64/bin/../lib/gcc/x86_64-w64-mingw32/11.2.0/../../../../x86_64-w64-mingw32/lib/../lib/libkernel32.a(libkernel32s00629.o)
                0x00000001400091c8                __imp_GetLastError
 .idata$5       0x00000001400091d0        0x8 D:/msys64/mingw64/bin/../lib/gcc/x86_64-w64-mingw32/11.2.0/../../../../x86_64-w64-mingw32/lib/../lib/libkernel32.a(libkernel32s00742.o)
                0x00000001400091d0                __imp_GetStartupInfoA
 .idata$5       0x00000001400091d8        0x8 D:/msys64/mingw64/bin/../lib/gcc/x86_64-w64-mingw32/11.2.0/../../../../x86_64-w64-mingw32/lib/../lib/libkernel32.a(libkernel32s00891.o)
                0x00000001400091d8                __imp_InitializeCriticalSection
 .idata$5       0x00000001400091e0        0x8 D:/msys64/mingw64/bin/../lib/gcc/x86_64-w64-mingw32/11.2.0/../../../../x86_64-w64-mingw32/lib/../lib/libkernel32.a(libkernel32s00983.o)
                0x00000001400091e0                __imp_LeaveCriticalSection
 .idata$5       0x00000001400091e8        0x8 D:/msys64/mingw64/bin/../lib/gcc/x86_64-w64-mingw32/11.2.0/../../../../x86_64-w64-mingw32/lib/../lib/libkernel32.a(libkernel32s01393.o)
                0x00000001400091e8                __imp_SetUnhandledExceptionFilter
 .idata$5       0x00000001400091f0        0x8 D:/msys64/mingw64/bin/../lib/gcc/x86_64-w64-mingw32/11.2.0/../../../../x86_64-w64-mingw32/lib/../lib/libkernel32.a(libkernel32s01409.o)
                0x00000001400091f0                __imp_Sleep
 .idata$5       0x00000001400091f8        0x8 D:/msys64/mingw64/bin/../lib/gcc/x86_64-w64-mingw32/11.2.0/../../../../x86_64-w64-mingw32/lib/../lib/libkernel32.a(libkernel32s01444.o)
                0x00000001400091f8                __imp_TlsGetValue
 .idata$5       0x0000000140009200        0x8 D:/msys64/mingw64/bin/../lib/gcc/x86_64-w64-mingw32/11.2.0/../../../../x86_64-w64-mingw32/lib/../lib/libkernel32.a(libkernel32s01491.o)
                0x0000000140009200                __imp_VirtualProtect
 .idata$5       0x0000000140009208        0x8 D:/msys64/mingw64/bin/../lib/gcc/x86_64-w64-mingw32/11.2.0/../../../../x86_64-w64-mingw32/lib/../lib/libkernel32.a(libkernel32s01493.o)
                0x0000000140009208                __imp_VirtualQuery
 .idata$5       0x0000000140009210        0x8 D:/msys64/mingw64/bin/../lib/gcc/x86_64-w64-mingw32/11.2.0/../../../../x86_64-w64-mingw32/lib/../lib/libkernel32.a(libkernel32t.o)
 .idata$5       0x0000000140009218        0x0 D:/msys64/mingw64/bin/../lib/gcc/x86_64-w64-mingw32/11.2.0/../../../../x86_64-w64-mingw32/lib/../lib/libmsvcrt.a(libmsvcrt_defh.o)
 .idata$5       0x0000000140009218        0x8 D:/msys64/mingw64/bin/../lib/gcc/x86_64-w64-mingw32/11.2.0/../../../../x86_64-w64-mingw32/lib/../lib/libmsvcrt.a(libmsvcrt_defs00055.o)
                0x0000000140009218                __imp___C_specific_handler
 .idata$5       0x0000000140009220        0x8 D:/msys64/mingw64/bin/../lib/gcc/x86_64-w64-mingw32/11.2.0/../../../../x86_64-w64-mingw32/lib/../lib/libmsvcrt.a(libmsvcrt_defs00081.o)
                0x0000000140009220                __imp___getmainargs
 .idata$5       0x0000000140009228        0x8 D:/msys64/mingw64/bin/../lib/gcc/x86_64-w64-mingw32/11.2.0/../../../../x86_64-w64-mingw32/lib/../lib/libmsvcrt.a(libmsvcrt_defs00082.o)
                0x0000000140009228                __imp___initenv
 .idata$5       0x0000000140009230        0x8 D:/msys64/mingw64/bin/../lib/gcc/x86_64-w64-mingw32/11.2.0/../../../../x86_64-w64-mingw32/lib/../lib/libmsvcrt.a(libmsvcrt_defs00083.o)
                0x0000000140009230                __imp___iob_func
 .idata$5       0x0000000140009238        0x8 D:/msys64/mingw64/bin/../lib/gcc/x86_64-w64-mingw32/11.2.0/../../../../x86_64-w64-mingw32/lib/../lib/libmsvcrt.a(libmsvcrt_defs00097.o)
                0x0000000140009238                __imp___set_app_type
 .idata$5       0x0000000140009240        0x8 D:/msys64/mingw64/bin/../lib/gcc/x86_64-w64-mingw32/11.2.0/../../../../x86_64-w64-mingw32/lib/../lib/libmsvcrt.a(libmsvcrt_defs00099.o)
                0x0000000140009240                __imp___setusermatherr
 .idata$5       0x0000000140009248        0x8 D:/msys64/mingw64/bin/../lib/gcc/x86_64-w64-mingw32/11.2.0/../../../../x86_64-w64-mingw32/lib/../lib/libmsvcrt.a(libmsvcrt_defs00116.o)
                0x0000000140009248                __imp__acmdln
 .idata$5       0x0000000140009250        0x8 D:/msys64/mingw64/bin/../lib/gcc/x86_64-w64-mingw32/11.2.0/../../../../x86_64-w64-mingw32/lib/../lib/libmsvcrt.a(libmsvcrt_defs00123.o)
                0x0000000140009250                __imp__amsg_exit
 .idata$5       0x0000000140009258        0x8 D:/msys64/mingw64/bin/../lib/gcc/x86_64-w64-mingw32/11.2.0/../../../../x86_64-w64-mingw32/lib/../lib/libmsvcrt.a(libmsvcrt_defs00141.o)
                0x0000000140009258                __imp__cexit
 .idata$5       0x0000000140009260        0x8 D:/msys64/mingw64/bin/../lib/gcc/x86_64-w64-mingw32/11.2.0/../../../../x86_64-w64-mingw32/lib/../lib/libmsvcrt.a(libmsvcrt_defs00157.o)
                0x0000000140009260                __imp__commode
 .idata$5       0x0000000140009268        0x8 D:/msys64/mingw64/bin/../lib/gcc/x86_64-w64-mingw32/11.2.0/../../../../x86_64-w64-mingw32/lib/../lib/libmsvcrt.a(libmsvcrt_defs00254.o)
                0x0000000140009268                __imp__fmode